Archive member included to satisfy reference by file (symbol)

C:/Users/robot/.pico-sdk/toolchain/14_2_Rel1/bin/../lib/gcc/arm-none-eabi/14.2.1/thumb/v8-m.main+fp/softfp\libm.a(libm_a-wf_sqrt.o)
                              CMakeFiles/Motherboard.dir/C_/Users/robot/.pico-sdk/sdk/2.2.0/src/rp2_common/pico_float/float_math.c.obj (sqrtf)
C:/Users/robot/.pico-sdk/toolchain/14_2_Rel1/bin/../lib/gcc/arm-none-eabi/14.2.1/thumb/v8-m.main+fp/softfp\libm.a(libm_a-ef_sqrt.o)
                              C:/Users/robot/.pico-sdk/toolchain/14_2_Rel1/bin/../lib/gcc/arm-none-eabi/14.2.1/thumb/v8-m.main+fp/softfp\libm.a(libm_a-wf_sqrt.o) (__ieee754_sqrtf)
C:/Users/robot/.pico-sdk/toolchain/14_2_Rel1/bin/../lib/gcc/arm-none-eabi/14.2.1/thumb/v8-m.main+fp/softfp\libgcc.a(_arm_addsubdf3.o)
                              CMakeFiles/Motherboard.dir/C_/Users/robot/.pico-sdk/sdk/2.2.0/src/rp2_common/pico_float/float_math.c.obj (__aeabi_f2d)
C:/Users/robot/.pico-sdk/toolchain/14_2_Rel1/bin/../lib/gcc/arm-none-eabi/14.2.1/thumb/v8-m.main+fp/softfp\libgcc.a(_aeabi_ldivmod.o)
                              CMakeFiles/Motherboard.dir/C_/Users/robot/.pico-sdk/sdk/2.2.0/src/common/pico_time/time.c.obj (__aeabi_ldivmod)
C:/Users/robot/.pico-sdk/toolchain/14_2_Rel1/bin/../lib/gcc/arm-none-eabi/14.2.1/thumb/v8-m.main+fp/softfp\libgcc.a(_aeabi_uldivmod.o)
                              CMakeFiles/Motherboard.dir/C_/Users/robot/.pico-sdk/sdk/2.2.0/src/rp2_common/hardware_clocks/clocks.c.obj (__aeabi_uldivmod)
C:/Users/robot/.pico-sdk/toolchain/14_2_Rel1/bin/../lib/gcc/arm-none-eabi/14.2.1/thumb/v8-m.main+fp/softfp\libgcc.a(_udivmoddi4.o)
                              C:/Users/robot/.pico-sdk/toolchain/14_2_Rel1/bin/../lib/gcc/arm-none-eabi/14.2.1/thumb/v8-m.main+fp/softfp\libgcc.a(_aeabi_ldivmod.o) (__udivmoddi4)
C:/Users/robot/.pico-sdk/toolchain/14_2_Rel1/bin/../lib/gcc/arm-none-eabi/14.2.1/thumb/v8-m.main+fp/softfp\libgcc.a(_dvmd_tls.o)
                              C:/Users/robot/.pico-sdk/toolchain/14_2_Rel1/bin/../lib/gcc/arm-none-eabi/14.2.1/thumb/v8-m.main+fp/softfp\libgcc.a(_aeabi_ldivmod.o) (__aeabi_ldiv0)
C:/Users/robot/.pico-sdk/toolchain/14_2_Rel1/bin/../lib/gcc/arm-none-eabi/14.2.1/thumb/v8-m.main+fp/softfp\libg.a(libc_a-calloc.o)
                              CMakeFiles/Motherboard.dir/C_/Users/robot/.pico-sdk/sdk/2.2.0/src/rp2_common/pico_malloc/malloc.c.obj (calloc)
C:/Users/robot/.pico-sdk/toolchain/14_2_Rel1/bin/../lib/gcc/arm-none-eabi/14.2.1/thumb/v8-m.main+fp/softfp\libg.a(libc_a-callocr.o)
                              C:/Users/robot/.pico-sdk/toolchain/14_2_Rel1/bin/../lib/gcc/arm-none-eabi/14.2.1/thumb/v8-m.main+fp/softfp\libg.a(libc_a-calloc.o) (_calloc_r)
C:/Users/robot/.pico-sdk/toolchain/14_2_Rel1/bin/../lib/gcc/arm-none-eabi/14.2.1/thumb/v8-m.main+fp/softfp\libg.a(libc_a-malloc.o)
                              CMakeFiles/Motherboard.dir/C_/Users/robot/.pico-sdk/sdk/2.2.0/src/rp2_common/pico_malloc/malloc.c.obj (malloc)
C:/Users/robot/.pico-sdk/toolchain/14_2_Rel1/bin/../lib/gcc/arm-none-eabi/14.2.1/thumb/v8-m.main+fp/softfp\libg.a(libc_a-mallocr.o)
                              C:/Users/robot/.pico-sdk/toolchain/14_2_Rel1/bin/../lib/gcc/arm-none-eabi/14.2.1/thumb/v8-m.main+fp/softfp\libg.a(libc_a-callocr.o) (_malloc_r)
C:/Users/robot/.pico-sdk/toolchain/14_2_Rel1/bin/../lib/gcc/arm-none-eabi/14.2.1/thumb/v8-m.main+fp/softfp\libg.a(libc_a-mlock.o)
                              C:/Users/robot/.pico-sdk/toolchain/14_2_Rel1/bin/../lib/gcc/arm-none-eabi/14.2.1/thumb/v8-m.main+fp/softfp\libg.a(libc_a-mallocr.o) (__malloc_lock)
C:/Users/robot/.pico-sdk/toolchain/14_2_Rel1/bin/../lib/gcc/arm-none-eabi/14.2.1/thumb/v8-m.main+fp/softfp\libg.a(libc_a-realloc.o)
                              CMakeFiles/Motherboard.dir/C_/Users/robot/.pico-sdk/sdk/2.2.0/src/rp2_common/pico_malloc/malloc.c.obj (realloc)
C:/Users/robot/.pico-sdk/toolchain/14_2_Rel1/bin/../lib/gcc/arm-none-eabi/14.2.1/thumb/v8-m.main+fp/softfp\libg.a(libc_a-reallocr.o)
                              C:/Users/robot/.pico-sdk/toolchain/14_2_Rel1/bin/../lib/gcc/arm-none-eabi/14.2.1/thumb/v8-m.main+fp/softfp\libg.a(libc_a-realloc.o) (_realloc_r)
C:/Users/robot/.pico-sdk/toolchain/14_2_Rel1/bin/../lib/gcc/arm-none-eabi/14.2.1/thumb/v8-m.main+fp/softfp\libg.a(libc_a-ctype_.o)
                              CMakeFiles/Motherboard.dir/C_/Users/robot/.pico-sdk/sdk/2.2.0/lib/tinyusb/src/tusb.c.obj (_ctype_)
C:/Users/robot/.pico-sdk/toolchain/14_2_Rel1/bin/../lib/gcc/arm-none-eabi/14.2.1/thumb/v8-m.main+fp/softfp\libg.a(libc_a-memcmp.o)
                              CMakeFiles/Motherboard.dir/C_/Users/robot/.pico-sdk/sdk/2.2.0/src/rp2_common/pico_atomic/atomic.c.obj (memcmp)
C:/Users/robot/.pico-sdk/toolchain/14_2_Rel1/bin/../lib/gcc/arm-none-eabi/14.2.1/thumb/v8-m.main+fp/softfp\libg.a(libc_a-memmove.o)
                              C:/Users/robot/.pico-sdk/toolchain/14_2_Rel1/bin/../lib/gcc/arm-none-eabi/14.2.1/thumb/v8-m.main+fp/softfp\libg.a(libc_a-reallocr.o) (memmove)
[...]
Memory Configuration

Name             Origin             Length             Attributes
FLASH            0x10000000         0x00400000         xr
RAM              0x20000000         0x00080000         xrw
SCRATCH_X        0x20080000         0x00001000         xrw
SCRATCH_Y        0x20081000         0x00001000         xrw
*default*        0x00000000         0xffffffff

Linker script and memory map

LOAD C:/Users/robot/.pico-sdk/toolchain/14_2_Rel1/bin/../lib/gcc/arm-none-eabi/14.2.1/thumb/v8-m.main+fp/softfp/crti.o
LOAD C:/Users/robot/.pico-sdk/toolchain/14_2_Rel1/bin/../lib/gcc/arm-none-eabi/14.2.1/thumb/v8-m.main+fp/softfp/crtbegin.o
LOAD C:/Users/robot/.pico-sdk/toolchain/14_2_Rel1/bin/../lib/gcc/arm-none-eabi/14.2.1/thumb/v8-m.main+fp/softfp/crt0.o

.flash_begin    0x10000000        0x0
                0x10000000                        __flash_binary_start = .

.text           0x10000000     0x6428
                0x10000000                        __logical_binary_start = .
 *(.vectors)
 .vectors       0x10000000      0x124 CMakeFiles/Motherboard.dir/C_/Users/robot/.pico-sdk/sdk/2.2.0/src/rp2_common/pico_crt0/crt0.S.obj
                0x10000000                __VECTOR_TABLE
                0x10000000                __vectors
                0x10000110                __unhandled_user_irq
                0x10000110                isr_irq49
                0x10000110                isr_irq13
                0x10000110                isr_irq43
                0x10000110                isr_irq45
                0x10000110                isr_irq27
                0x10000110                isr_irq32
                0x10000110                isr_irq31
                0x10000110                isr_irq12
                0x10000110                isr_irq5
                0x10000110                isr_irq11
                0x10000110                isr_irq3
                0x10000110                isr_irq23
                0x10000110                isr_usagefault
                0x10000110                isr_irq48
                0x10000110                isr_irq30
                0x10000110                isr_irq18
                0x10000110                isr_irq50
                0x10000110                isr_irq33
                0x10000110                isr_irq40
                0x10000110                isr_irq28
                0x10000110                isr_irq19
                0x10000110                isr_irq36
                0x10000110                isr_irq41
                0x10000110                isr_irq0
                0x10000110                isr_irq6
                0x10000110                isr_irq26
                0x10000110                isr_irq29
                0x10000110                isr_memmanage
                0x10000110                isr_irq37
                0x10000110                isr_irq42
                0x10000110                isr_irq22
                0x10000110                isr_irq35
                0x10000110                isr_irq17
                0x10000110                isr_irq38
                0x10000110                isr_irq14
                0x10000110                __vectors_end
                0x10000110                __default_isrs_start
                0x10000110                isr_irq2
                0x10000110                isr_irq10
                0x10000110                isr_irq8
                0x10000110                isr_debugmonitor
                0x10000110                isr_irq24
                0x10000110                isr_irq46
                0x10000110                isr_irq1
                0x10000110                isr_irq47
                0x10000110                isr_irq51
                0x10000110                isr_irq7
                0x10000110                isr_irq21
                0x10000110                isr_irq39
                0x10000110                isr_irq20
                0x10000110                isr_irq15
                0x10000110                isr_irq25
                0x10000110                isr_irq34
                0x10000110                isr_irq44
                0x10000110                isr_securefault
                0x10000110                isr_irq4
                0x10000110                isr_busfault
                0x10000110                isr_irq16
                0x10000110                isr_irq9
                0x10000116                unhandled_user_irq_num_in_r0
                0x10000118                isr_invalid
                0x1000011a                isr_nmi
                0x1000011c                isr_hardfault
                0x1000011e                isr_svcall
                0x10000120                isr_pendsv
                0x10000122                isr_systick
                0x10000124                __default_isrs_end
 *(.binary_info_header)
 .binary_info_header
                0x10000124       0x14 CMakeFiles/Motherboard.dir/C_/Users/robot/.pico-sdk/sdk/2.2.0/src/rp2_common/pico_crt0/crt0.S.obj
                0x10000138                        __binary_info_header_end = .
 *(.embedded_block)
 .embedded_block
                0x10000138       0x14 CMakeFiles/Motherboard.dir/C_/Users/robot/.pico-sdk/sdk/2.2.0/src/rp2_common/pico_crt0/crt0.S.obj
                0x1000014c                        __embedded_block_end = .
 *(.reset)
 .reset         0x1000014c       0x98 CMakeFiles/Motherboard.dir/C_/Users/robot/.pico-sdk/sdk/2.2.0/src/rp2_common/pico_crt0/crt0.S.obj
                0x1000014c                _entry_point
 *(.init)
 .init          0x100001e4        0x4 C:/Users/robot/.pico-sdk/toolchain/14_2_Rel1/bin/../lib/gcc/arm-none-eabi/14.2.1/thumb/v8-m.main+fp/softfp/crti.o
                0x100001e4                _init
 *libgcc.a:cmse_nonsecure_call.o()
 *(EXCLUDE_FILE(*libm.a: *libc.a:*lib_a-mem*.o *libgcc.a:) .text*)
 .text.register_tm_clones
                0x100001e8       0x28 C:/Users/robot/.pico-sdk/toolchain/14_2_Rel1/bin/../lib/gcc/arm-none-eabi/14.2.1/thumb/v8-m.main+fp/softfp/crtbegin.o
 .text.frame_dummy
                0x10000210       0x24 C:/Users/robot/.pico-sdk/toolchain/14_2_Rel1/bin/../lib/gcc/arm-none-eabi/14.2.1/thumb/v8-m.main+fp/softfp/crtbegin.o
 .text.main     0x10000234       0x8c CMakeFiles/Motherboard.dir/Motherboard.cpp.obj
                0x10000234                main
 .text.gpio_set_function
                0x100002c0       0x38 CMakeFiles/Motherboard.dir/C_/Users/robot/.pico-sdk/sdk/2.2.0/src/rp2_common/hardware_gpio/gpio.c.obj
                0x100002c0                gpio_set_function
 .text.gpio_set_pulls
                0x100002f8       0x38 CMakeFiles/Motherboard.dir/C_/Users/robot/.pico-sdk/sdk/2.2.0/src/rp2_common/hardware_gpio/gpio.c.obj
                0x100002f8                gpio_set_pulls
 .text.panic    0x10000330       0x30 CMakeFiles/Motherboard.dir/C_/Users/robot/.pico-sdk/sdk/2.2.0/src/rp2_common/pico_platform_panic/panic.c.obj
                0x10000330                panic
 .text.hw_claim_lock
                0x10000360       0x24 CMakeFiles/Motherboard.dir/C_/Users/robot/.pico-sdk/sdk/2.2.0/src/common/hardware_claim/claim.c.obj
                0x10000360                hw_claim_lock
 .text.hw_claim_unlock
                0x10000384       0x14 CMakeFiles/Motherboard.dir/C_/Users/robot/.pico-sdk/sdk/2.2.0/src/common/hardware_claim/claim.c.obj
                0x10000384                hw_claim_unlock
 .text.hw_claim_or_assert
                0x10000398       0x32 CMakeFiles/Motherboard.dir/C_/Users/robot/.pico-sdk/sdk/2.2.0/src/common/hardware_claim/claim.c.obj
                0x10000398                hw_claim_or_assert
 .text.hw_claim_unused_from_range
                0x100003ca       0x4e CMakeFiles/Motherboard.dir/C_/Users/robot/.pico-sdk/sdk/2.2.0/src/common/hardware_claim/claim.c.obj
                0x100003ca                hw_claim_unused_from_range
 .text.next_striped_spin_lock_num
                0x10000418       0x1c CMakeFiles/Motherboard.dir/C_/Users/robot/.pico-sdk/sdk/2.2.0/src/rp2_common/hardware_sync/sync.c.obj
                0x10000418                next_striped_spin_lock_num
 .text.spin_lock_claim_unused
                0x10000434       0x24 CMakeFiles/Motherboard.dir/C_/Users/robot/.pico-sdk/sdk/2.2.0/src/rp2_common/hardware_sync/sync.c.obj
                0x10000434                spin_lock_claim_unused
 .text.spinlock_set_extexclall
                0x10000458        0xe CMakeFiles/Motherboard.dir/C_/Users/robot/.pico-sdk/sdk/2.2.0/src/rp2_common/hardware_sync_spin_lock/sync_spin_lock.c.obj
 *fill*         0x10000466        0x2 
 .text.spin_locks_reset
                0x10000468       0x1c CMakeFiles/Motherboard.dir/C_/Users/robot/.pico-sdk/sdk/2.2.0/src/rp2_common/hardware_sync_spin_lock/sync_spin_lock.c.obj
                0x10000468                spin_locks_reset
 .text.set_raw_irq_handler_and_unlock
                0x10000484       0x24 CMakeFiles/Motherboard.dir/C_/Users/robot/.pico-sdk/sdk/2.2.0/src/rp2_common/hardware_irq/irq.c.obj
 .text.nvic_ipr0
                0x100004a8        0x8 CMakeFiles/Motherboard.dir/C_/Users/robot/.pico-sdk/sdk/2.2.0/src/rp2_common/hardware_irq/irq.c.obj
 .text.runtime_init_per_core_irq_priorities
                0x100004b0       0x1c CMakeFiles/Motherboard.dir/C_/Users/robot/.pico-sdk/sdk/2.2.0/src/rp2_common/hardware_irq/irq.c.obj
                0x100004b0                runtime_init_per_core_irq_priorities
 .text.resolve_j_16
                0x100004cc       0x40 CMakeFiles/Motherboard.dir/C_/Users/robot/.pico-sdk/sdk/2.2.0/src/rp2_common/hardware_irq/irq.c.obj
 .text.make_j_16
                0x1000050c       0x3c CMakeFiles/Motherboard.dir/C_/Users/robot/.pico-sdk/sdk/2.2.0/src/rp2_common/hardware_irq/irq.c.obj
 .text.irq_is_enabled
                0x10000548       0x20 CMakeFiles/Motherboard.dir/C_/Users/robot/.pico-sdk/sdk/2.2.0/src/rp2_common/hardware_irq/irq.c.obj
                0x10000548                irq_is_enabled
 .text.irq_set_mask_n_enabled
                0x10000568       0x20 CMakeFiles/Motherboard.dir/C_/Users/robot/.pico-sdk/sdk/2.2.0/src/rp2_common/hardware_irq/irq.c.obj
                0x10000568                irq_set_mask_n_enabled
 .text.irq_set_enabled
                0x10000588       0x14 CMakeFiles/Motherboard.dir/C_/Users/robot/.pico-sdk/sdk/2.2.0/src/rp2_common/hardware_irq/irq.c.obj
                0x10000588                irq_set_enabled
 .text.irq_set_pending
                0x1000059c       0x18 CMakeFiles/Motherboard.dir/C_/Users/robot/.pico-sdk/sdk/2.2.0/src/rp2_common/hardware_irq/irq.c.obj
                0x1000059c                irq_set_pending
 .text.irq_get_vtable_handler
                0x100005b4       0x10 CMakeFiles/Motherboard.dir/C_/Users/robot/.pico-sdk/sdk/2.2.0/src/rp2_common/hardware_irq/irq.c.obj
                0x100005b4                irq_get_vtable_handler
 .text.irq_has_shared_handler
                0x100005c4       0x18 CMakeFiles/Motherboard.dir/C_/Users/robot/.pico-sdk/sdk/2.2.0/src/rp2_common/hardware_irq/irq.c.obj
                0x100005c4                irq_has_shared_handler
 .text.irq_set_exclusive_handler
                0x100005dc       0x60 CMakeFiles/Motherboard.dir/C_/Users/robot/.pico-sdk/sdk/2.2.0/src/rp2_common/hardware_irq/irq.c.obj
                0x100005dc                irq_set_exclusive_handler
 .text.irq_add_shared_handler
                0x1000063c      0x234 CMakeFiles/Motherboard.dir/C_/Users/robot/.pico-sdk/sdk/2.2.0/src/rp2_common/hardware_irq/irq.c.obj
                0x1000063c                irq_add_shared_handler
 .text.irq_add_tail_to_free_list
                0x10000870       0xf8 CMakeFiles/Motherboard.dir/C_/Users/robot/.pico-sdk/sdk/2.2.0/src/rp2_common/hardware_irq/irq.c.obj
                0x10000870                irq_add_tail_to_free_list
 .text.user_irq_claim_unused
                0x10000968       0x2c CMakeFiles/Motherboard.dir/C_/Users/robot/.pico-sdk/sdk/2.2.0/src/rp2_common/hardware_irq/irq.c.obj
                0x10000968                user_irq_claim_unused
 .text.lock_init
                0x10000994        0xc CMakeFiles/Motherboard.dir/C_/Users/robot/.pico-sdk/sdk/2.2.0/src/common/pico_sync/lock_core.c.obj
                0x10000994                lock_init
 .text.mutex_init
                0x100009a0       0x1a CMakeFiles/Motherboard.dir/C_/Users/robot/.pico-sdk/sdk/2.2.0/src/common/pico_sync/mutex.c.obj
                0x100009a0                mutex_init
 .text.recursive_mutex_init
                0x100009ba       0x1e CMakeFiles/Motherboard.dir/C_/Users/robot/.pico-sdk/sdk/2.2.0/src/common/pico_sync/mutex.c.obj
                0x100009ba                recursive_mutex_init
 .text.runtime_init_mutex
                0x100009d8       0x4c CMakeFiles/Motherboard.dir/C_/Users/robot/.pico-sdk/sdk/2.2.0/src/common/pico_sync/mutex.c.obj
                0x100009d8                runtime_init_mutex
 .text.critical_section_init_with_lock_num
                0x10000a24       0x10 CMakeFiles/Motherboard.dir/C_/Users/robot/.pico-sdk/sdk/2.2.0/src/common/pico_sync/critical_section.c.obj
                0x10000a24                critical_section_init_with_lock_num
 .text.critical_section_init
                0x10000a34       0x14 CMakeFiles/Motherboard.dir/C_/Users/robot/.pico-sdk/sdk/2.2.0/src/common/pico_sync/critical_section.c.obj
                0x10000a34                critical_section_init
 .text.ta_from_current_irq
                0x10000a48       0x24 CMakeFiles/Motherboard.dir/C_/Users/robot/.pico-sdk/sdk/2.2.0/src/common/pico_time/time.c.obj
 .text.ta_set_timeout
                0x10000a6c       0x2a CMakeFiles/Motherboard.dir/C_/Users/robot/.pico-sdk/sdk/2.2.0/src/common/pico_time/time.c.obj
 .text.make_alarm_id
                0x10000a96        0x6 CMakeFiles/Motherboard.dir/C_/Users/robot/.pico-sdk/sdk/2.2.0/src/common/pico_time/time.c.obj
 .text.sleep_until_callback
                0x10000a9c       0x3c CMakeFiles/Motherboard.dir/C_/Users/robot/.pico-sdk/sdk/2.2.0/src/common/pico_time/time.c.obj
 .text.alarm_pool_irq_handler
                0x10000ad8      0x2ec CMakeFiles/Motherboard.dir/C_/Users/robot/.pico-sdk/sdk/2.2.0/src/common/pico_time/time.c.obj
 .text.ta_enable_irq_handler
                0x10000dc4       0x38 CMakeFiles/Motherboard.dir/C_/Users/robot/.pico-sdk/sdk/2.2.0/src/common/pico_time/time.c.obj
 .text.alarm_pool_post_alloc_init
                0x10000dfc       0x7c CMakeFiles/Motherboard.dir/C_/Users/robot/.pico-sdk/sdk/2.2.0/src/common/pico_time/time.c.obj
 .text.alarm_pool_get_default
                0x10000e78       0x28 CMakeFiles/Motherboard.dir/C_/Users/robot/.pico-sdk/sdk/2.2.0/src/common/pico_time/time.c.obj
                0x10000e78                alarm_pool_get_default
 .text.alarm_pool_add_alarm_at_force_in_context
                0x10000ea0       0xc0 CMakeFiles/Motherboard.dir/C_/Users/robot/.pico-sdk/sdk/2.2.0/src/common/pico_time/time.c.obj
                0x10000ea0                alarm_pool_add_alarm_at_force_in_context
 .text.alarm_pool_add_alarm_at
                0x10000f60       0x38 CMakeFiles/Motherboard.dir/C_/Users/robot/.pico-sdk/sdk/2.2.0/src/common/pico_time/time.c.obj
                0x10000f60                alarm_pool_add_alarm_at
 .text.add_alarm_at
                0x10000f98       0x26 CMakeFiles/Motherboard.dir/C_/Users/robot/.pico-sdk/sdk/2.2.0/src/common/pico_time/time.c.obj
 .text.alarm_pool_cancel_alarm
                0x10000fbe       0x72 CMakeFiles/Motherboard.dir/C_/Users/robot/.pico-sdk/sdk/2.2.0/src/common/pico_time/time.c.obj
                0x10000fbe                alarm_pool_cancel_alarm
 .text.cancel_alarm
                0x10001030       0x10 CMakeFiles/Motherboard.dir/C_/Users/robot/.pico-sdk/sdk/2.2.0/src/common/pico_time/time.c.obj
 .text.alarm_pool_core_num
                0x10001040        0x4 CMakeFiles/Motherboard.dir/C_/Users/robot/.pico-sdk/sdk/2.2.0/src/common/pico_time/time.c.obj
                0x10001040                alarm_pool_core_num
 .text.sleep_until
                0x10001044       0xb4 CMakeFiles/Motherboard.dir/C_/Users/robot/.pico-sdk/sdk/2.2.0/src/common/pico_time/time.c.obj
                0x10001044                sleep_until
 .text.sleep_us
                0x100010f8       0x24 CMakeFiles/Motherboard.dir/C_/Users/robot/.pico-sdk/sdk/2.2.0/src/common/pico_time/time.c.obj
                0x100010f8                sleep_us
 .text.sleep_ms
                0x1000111c       0x28 CMakeFiles/Motherboard.dir/C_/Users/robot/.pico-sdk/sdk/2.2.0/src/common/pico_time/time.c.obj
                0x1000111c                sleep_ms
 .text.best_effort_wfe_or_timeout
                0x10001144       0xfc CMakeFiles/Motherboard.dir/C_/Users/robot/.pico-sdk/sdk/2.2.0/src/common/pico_time/time.c.obj
                0x10001144                best_effort_wfe_or_timeout
 .text.alarm_pool_get_default_timer
                0x10001240        0x8 CMakeFiles/Motherboard.dir/C_/Users/robot/.pico-sdk/sdk/2.2.0/src/common/pico_time/time.c.obj
                0x10001240                alarm_pool_get_default_timer
 .text.runtime_init_default_alarm_pool
                0x10001248       0x34 CMakeFiles/Motherboard.dir/C_/Users/robot/.pico-sdk/sdk/2.2.0/src/common/pico_time/time.c.obj
                0x10001248                runtime_init_default_alarm_pool
 .text.timer_hardware_alarm_claim
                0x1000127c       0x24 CMakeFiles/Motherboard.dir/C_/Users/robot/.pico-sdk/sdk/2.2.0/src/rp2_common/hardware_timer/timer.c.obj
                0x1000127c                timer_hardware_alarm_claim
 .text.timer_time_us_64
                0x100012a0       0x10 CMakeFiles/Motherboard.dir/C_/Users/robot/.pico-sdk/sdk/2.2.0/src/rp2_common/hardware_timer/timer.c.obj
                0x100012a0                timer_time_us_64
 .text.timer_busy_wait_until
                0x100012b0       0x1a CMakeFiles/Motherboard.dir/C_/Users/robot/.pico-sdk/sdk/2.2.0/src/rp2_common/hardware_timer/timer.c.obj
                0x100012b0                timer_busy_wait_until
 *fill*         0x100012ca        0x2 
 .text.time_us_64
                0x100012cc       0x10 CMakeFiles/Motherboard.dir/C_/Users/robot/.pico-sdk/sdk/2.2.0/src/rp2_common/hardware_timer/timer.c.obj
                0x100012cc                time_us_64
 .text.busy_wait_until
                0x100012dc       0x14 CMakeFiles/Motherboard.dir/C_/Users/robot/.pico-sdk/sdk/2.2.0/src/rp2_common/hardware_timer/timer.c.obj
                0x100012dc                busy_wait_until
 .text.clock_configure_internal
                0x100012f0       0xb8 CMakeFiles/Motherboard.dir/C_/Users/robot/.pico-sdk/sdk/2.2.0/src/rp2_common/hardware_clocks/clocks.c.obj
 .text.clock_configure_undivided
                0x100013a8       0x12 CMakeFiles/Motherboard.dir/C_/Users/robot/.pico-sdk/sdk/2.2.0/src/rp2_common/hardware_clocks/clocks.c.obj
                0x100013a8                clock_configure_undivided
 *fill*         0x100013ba        0x2 
 .text.clock_get_hz
                0x100013bc        0xc CMakeFiles/Motherboard.dir/C_/Users/robot/.pico-sdk/sdk/2.2.0/src/rp2_common/hardware_clocks/clocks.c.obj
                0x100013bc                clock_get_hz
 .text.pll_init
                0x100013c8      0x108 CMakeFiles/Motherboard.dir/C_/Users/robot/.pico-sdk/sdk/2.2.0/src/rp2_common/hardware_pll/pll.c.obj
                0x100013c8                pll_init
 .text.watchdog_update
                0x100014d0       0x14 CMakeFiles/Motherboard.dir/C_/Users/robot/.pico-sdk/sdk/2.2.0/src/rp2_common/hardware_watchdog/watchdog.c.obj
                0x100014d0                watchdog_update
 .text._watchdog_enable
                0x100014e4       0x6c CMakeFiles/Motherboard.dir/C_/Users/robot/.pico-sdk/sdk/2.2.0/src/rp2_common/hardware_watchdog/watchdog.c.obj
                0x100014e4                _watchdog_enable
 .text.watchdog_reboot
                0x10001550       0x44 CMakeFiles/Motherboard.dir/C_/Users/robot/.pico-sdk/sdk/2.2.0/src/rp2_common/hardware_watchdog/watchdog.c.obj
                0x10001550                watchdog_reboot
 .text.tick_start
                0x10001594       0x1c CMakeFiles/Motherboard.dir/C_/Users/robot/.pico-sdk/sdk/2.2.0/src/rp2_common/hardware_ticks/ticks.c.obj
                0x10001594                tick_start
 .text.rom_reboot
                0x100015b0       0x40 CMakeFiles/Motherboard.dir/C_/Users/robot/.pico-sdk/sdk/2.2.0/src/rp2_common/pico_bootrom/bootrom.c.obj
 .text.rom_func_lookup
                0x100015f0       0x1e CMakeFiles/Motherboard.dir/C_/Users/robot/.pico-sdk/sdk/2.2.0/src/rp2_common/pico_bootrom/bootrom.c.obj
                0x100015f0                rom_func_lookup
 .text.rom_reset_usb_boot_extra
                0x1000160e       0x20 CMakeFiles/Motherboard.dir/C_/Users/robot/.pico-sdk/sdk/2.2.0/src/rp2_common/pico_bootrom/bootrom.c.obj
                0x1000160e                rom_reset_usb_boot_extra
 *fill*         0x1000162e        0x2 
 .text.runtime_init_bootrom_locking_enable
                0x10001630       0x14 CMakeFiles/Motherboard.dir/C_/Users/robot/.pico-sdk/sdk/2.2.0/src/rp2_common/pico_bootrom/bootrom_lock.c.obj
                0x10001630                runtime_init_bootrom_locking_enable
 .text.boot_locks_reset
                0x10001644       0x20 CMakeFiles/Motherboard.dir/C_/Users/robot/.pico-sdk/sdk/2.2.0/src/rp2_common/hardware_boot_lock/boot_lock.c.obj
                0x10001644                boot_locks_reset
 .text.runtime_init_boot_locks_reset
                0x10001664        0x8 CMakeFiles/Motherboard.dir/C_/Users/robot/.pico-sdk/sdk/2.2.0/src/rp2_common/hardware_boot_lock/boot_lock.c.obj
                0x10001664                runtime_init_boot_locks_reset
 .text.xosc_init
                0x1000166c       0x28 CMakeFiles/Motherboard.dir/C_/Users/robot/.pico-sdk/sdk/2.2.0/src/rp2_common/hardware_xosc/xosc.c.obj
                0x1000166c                xosc_init
 .text.runtime_run_initializers_from
                0x10001694       0x18 CMakeFiles/Motherboard.dir/C_/Users/robot/.pico-sdk/sdk/2.2.0/src/rp2_common/pico_runtime/runtime.c.obj
 .text.first_per_core_initializer
                0x100016ac        0x2 CMakeFiles/Motherboard.dir/C_/Users/robot/.pico-sdk/sdk/2.2.0/src/rp2_common/pico_runtime/runtime.c.obj
 *fill*         0x100016ae        0x2 
 .text.runtime_run_initializers
                0x100016b0       0x10 CMakeFiles/Motherboard.dir/C_/Users/robot/.pico-sdk/sdk/2.2.0/src/rp2_common/pico_runtime/runtime.c.obj
                0x100016b0                runtime_run_initializers
 .text.runtime_init_early_resets
                0x100016c0       0x2c CMakeFiles/Motherboard.dir/C_/Users/robot/.pico-sdk/sdk/2.2.0/src/rp2_common/pico_runtime_init/runtime_init.c.obj
                0x100016c0                runtime_init_early_resets
 .text.runtime_init_usb_power_down
                0x100016ec       0x20 CMakeFiles/Motherboard.dir/C_/Users/robot/.pico-sdk/sdk/2.2.0/src/rp2_common/pico_runtime_init/runtime_init.c.obj
                0x100016ec                runtime_init_usb_power_down
 .text.runtime_init_per_core_enable_coprocessors
                0x1000170c       0x1c CMakeFiles/Motherboard.dir/C_/Users/robot/.pico-sdk/sdk/2.2.0/src/rp2_common/pico_runtime_init/runtime_init.c.obj
                0x1000170c                runtime_init_per_core_enable_coprocessors
 .text.runtime_init_post_clock_resets
                0x10001728       0x20 CMakeFiles/Motherboard.dir/C_/Users/robot/.pico-sdk/sdk/2.2.0/src/rp2_common/pico_runtime_init/runtime_init.c.obj
                0x10001728                runtime_init_post_clock_resets
 .text.runtime_init_bootrom_reset
                0x10001748       0x12 CMakeFiles/Motherboard.dir/C_/Users/robot/.pico-sdk/sdk/2.2.0/src/rp2_common/pico_runtime_init/runtime_init.c.obj
                0x10001748                runtime_init_bootrom_reset
 .text.runtime_init_per_core_bootrom_reset
                0x1000175a       0x12 CMakeFiles/Motherboard.dir/C_/Users/robot/.pico-sdk/sdk/2.2.0/src/rp2_common/pico_runtime_init/runtime_init.c.obj
                0x1000175a                runtime_init_per_core_bootrom_reset
 .text.runtime_init_spin_locks_reset
                0x1000176c        0x8 CMakeFiles/Motherboard.dir/C_/Users/robot/.pico-sdk/sdk/2.2.0/src/rp2_common/pico_runtime_init/runtime_init.c.obj
                0x1000176c                runtime_init_spin_locks_reset
 .text.runtime_init_install_ram_vector_table
                0x10001774       0x48 CMakeFiles/Motherboard.dir/C_/Users/robot/.pico-sdk/sdk/2.2.0/src/rp2_common/pico_runtime_init/runtime_init.c.obj
                0x10001774                runtime_init_install_ram_vector_table
 .text.start_all_ticks
                0x100017bc       0x28 CMakeFiles/Motherboard.dir/C_/Users/robot/.pico-sdk/sdk/2.2.0/src/rp2_common/pico_runtime_init/runtime_init_clocks.c.obj
 .text.runtime_init_clocks
                0x100017e4       0xc4 CMakeFiles/Motherboard.dir/C_/Users/robot/.pico-sdk/sdk/2.2.0/src/rp2_common/pico_runtime_init/runtime_init_clocks.c.obj
                0x100017e4                runtime_init_clocks
 .text.__rp2350_dcp_engaged_state_save_restore
                0x100018a8       0x3a CMakeFiles/Motherboard.dir/C_/Users/robot/.pico-sdk/sdk/2.2.0/src/rp2_common/pico_double/double_aeabi_dcp.S.obj
 *fill*         0x100018e2        0x2 
 .text.__wrap___aeabi_dadd
                0x100018e4       0x28 CMakeFiles/Motherboard.dir/C_/Users/robot/.pico-sdk/sdk/2.2.0/src/rp2_common/pico_double/double_aeabi_dcp.S.obj
                0x100018ec                __wrap___aeabi_dadd
 .text.__wrap___aeabi_dsub
                0x1000190c       0x28 CMakeFiles/Motherboard.dir/C_/Users/robot/.pico-sdk/sdk/2.2.0/src/rp2_common/pico_double/double_aeabi_dcp.S.obj
                0x10001914                __wrap___aeabi_dsub
 .text.__wrap___aeabi_dmul
                0x10001934       0x4c CMakeFiles/Motherboard.dir/C_/Users/robot/.pico-sdk/sdk/2.2.0/src/rp2_common/pico_double/double_aeabi_dcp.S.obj
                0x1000193c                __wrap___aeabi_dmul
 .text.__wrap___aeabi_ddiv
                0x10001980       0x9c CMakeFiles/Motherboard.dir/C_/Users/robot/.pico-sdk/sdk/2.2.0/src/rp2_common/pico_double/double_aeabi_dcp.S.obj
                0x10001988                __wrap___aeabi_ddiv
 .text.__wrap___aeabi_i2d
                0x10001a1c       0x24 CMakeFiles/Motherboard.dir/C_/Users/robot/.pico-sdk/sdk/2.2.0/src/rp2_common/pico_double/double_aeabi_dcp.S.obj
                0x10001a24                int2double
                0x10001a24                __wrap___aeabi_i2d
 .text.__wrap___aeabi_ui2d
                0x10001a40       0x24 CMakeFiles/Motherboard.dir/C_/Users/robot/.pico-sdk/sdk/2.2.0/src/rp2_common/pico_double/double_aeabi_dcp.S.obj
                0x10001a48                uint2double
                0x10001a48                __wrap___aeabi_ui2d
 .text.__wrap___aeabi_d2iz
                0x10001a64       0x24 CMakeFiles/Motherboard.dir/C_/Users/robot/.pico-sdk/sdk/2.2.0/src/rp2_common/pico_double/double_aeabi_dcp.S.obj
                0x10001a6c                double2int_z
                0x10001a6c                __wrap___aeabi_d2iz
 .text.__wrap___aeabi_d2uiz
                0x10001a88       0x24 CMakeFiles/Motherboard.dir/C_/Users/robot/.pico-sdk/sdk/2.2.0/src/rp2_common/pico_double/double_aeabi_dcp.S.obj
                0x10001a90                double2uint
                0x10001a90                __wrap___aeabi_d2uiz
                0x10001a90                double2uint_z
 .text.__wrap___aeabi_dcmpun
                0x10001aac       0x24 CMakeFiles/Motherboard.dir/C_/Users/robot/.pico-sdk/sdk/2.2.0/src/rp2_common/pico_double/double_aeabi_dcp.S.obj
                0x10001ab4                __wrap___aeabi_dcmpun
 .text.__wrap___aeabi_dcmplt
                0x10001ad0       0x28 CMakeFiles/Motherboard.dir/C_/Users/robot/.pico-sdk/sdk/2.2.0/src/rp2_common/pico_double/double_aeabi_dcp.S.obj
                0x10001ad8                __wrap___aeabi_dcmplt
 .text.__wrap___aeabi_dcmple
                0x10001af8       0x28 CMakeFiles/Motherboard.dir/C_/Users/robot/.pico-sdk/sdk/2.2.0/src/rp2_common/pico_double/double_aeabi_dcp.S.obj
                0x10001b00                __wrap___aeabi_dcmple
 .text.__wrap___aeabi_dcmpge
                0x10001b20       0x28 CMakeFiles/Motherboard.dir/C_/Users/robot/.pico-sdk/sdk/2.2.0/src/rp2_common/pico_double/double_aeabi_dcp.S.obj
                0x10001b28                __wrap___aeabi_dcmpge
 .text.__wrap___aeabi_dcmpgt
                0x10001b48       0x28 CMakeFiles/Motherboard.dir/C_/Users/robot/.pico-sdk/sdk/2.2.0/src/rp2_common/pico_double/double_aeabi_dcp.S.obj
                0x10001b50                __wrap___aeabi_dcmpgt
 .text._out_null
                0x10001b70        0x2 CMakeFiles/Motherboard.dir/C_/Users/robot/.pico-sdk/sdk/2.2.0/src/rp2_common/pico_printf/printf.c.obj
 .text._out_fct
                0x10001b72        0xe CMakeFiles/Motherboard.dir/C_/Users/robot/.pico-sdk/sdk/2.2.0/src/rp2_common/pico_printf/printf.c.obj
 .text._atoi    0x10001b80       0x26 CMakeFiles/Motherboard.dir/C_/Users/robot/.pico-sdk/sdk/2.2.0/src/rp2_common/pico_printf/printf.c.obj
 .text._out_rev
                0x10001ba6       0x7e CMakeFiles/Motherboard.dir/C_/Users/robot/.pico-sdk/sdk/2.2.0/src/rp2_common/pico_printf/printf.c.obj
 .text._ntoa_format
                0x10001c24      0x134 CMakeFiles/Motherboard.dir/C_/Users/robot/.pico-sdk/sdk/2.2.0/src/rp2_common/pico_printf/printf.c.obj
 .text._ntoa_long
                0x10001d58       0x94 CMakeFiles/Motherboard.dir/C_/Users/robot/.pico-sdk/sdk/2.2.0/src/rp2_common/pico_printf/printf.c.obj
 .text._ntoa_long_long
                0x10001dec       0xc2 CMakeFiles/Motherboard.dir/C_/Users/robot/.pico-sdk/sdk/2.2.0/src/rp2_common/pico_printf/printf.c.obj
 *fill*         0x10001eae        0x2 
 .text._etoa    0x10001eb0      0x420 CMakeFiles/Motherboard.dir/C_/Users/robot/.pico-sdk/sdk/2.2.0/src/rp2_common/pico_printf/printf.c.obj
 .text._ftoa    0x100022d0      0x398 CMakeFiles/Motherboard.dir/C_/Users/robot/.pico-sdk/sdk/2.2.0/src/rp2_common/pico_printf/printf.c.obj
 .text._vsnprintf
                0x10002668      0x6d8 CMakeFiles/Motherboard.dir/C_/Users/robot/.pico-sdk/sdk/2.2.0/src/rp2_common/pico_printf/printf.c.obj
 .text.vfctprintf
                0x10002d40       0x24 CMakeFiles/Motherboard.dir/C_/Users/robot/.pico-sdk/sdk/2.2.0/src/rp2_common/pico_printf/printf.c.obj
                0x10002d40                vfctprintf
 .text._exit    0x10002d64        0x4 CMakeFiles/Motherboard.dir/C_/Users/robot/.pico-sdk/sdk/2.2.0/src/rp2_common/pico_clib_interface/newlib_interface.c.obj
                0x10002d64                _exit
 .text.exit     0x10002d68        0x6 CMakeFiles/Motherboard.dir/C_/Users/robot/.pico-sdk/sdk/2.2.0/src/rp2_common/pico_clib_interface/newlib_interface.c.obj
                0x10002d68                exit
 *fill*         0x10002d6e        0x2 
 .text.__assert_func
                0x10002d70       0x34 CMakeFiles/Motherboard.dir/C_/Users/robot/.pico-sdk/sdk/2.2.0/src/rp2_common/pico_clib_interface/newlib_interface.c.obj
                0x10002d70                __assert_func
 .text.runtime_init
                0x10002da4       0x2c CMakeFiles/Motherboard.dir/C_/Users/robot/.pico-sdk/sdk/2.2.0/src/rp2_common/pico_clib_interface/newlib_interface.c.obj
                0x10002da4                runtime_init
 .text.stdio_out_chars_no_crlf
                0x10002dd0        0xe CMakeFiles/Motherboard.dir/C_/Users/robot/.pico-sdk/sdk/2.2.0/src/rp2_common/pico_stdio/stdio.c.obj
 *fill*         0x10002dde        0x2 
 .text.stdio_out_chars_crlf
                0x10002de0       0x80 CMakeFiles/Motherboard.dir/C_/Users/robot/.pico-sdk/sdk/2.2.0/src/rp2_common/pico_stdio/stdio.c.obj
 .text.stdio_stack_buffer_flush
                0x10002e60       0x40 CMakeFiles/Motherboard.dir/C_/Users/robot/.pico-sdk/sdk/2.2.0/src/rp2_common/pico_stdio/stdio.c.obj
 .text.stdio_buffered_printer
                0x10002ea0       0x20 CMakeFiles/Motherboard.dir/C_/Users/robot/.pico-sdk/sdk/2.2.0/src/rp2_common/pico_stdio/stdio.c.obj
 .text.stdout_serialize_begin
                0x10002ec0       0x2c CMakeFiles/Motherboard.dir/C_/Users/robot/.pico-sdk/sdk/2.2.0/src/rp2_common/pico_stdio/stdio.c.obj
                0x10002ec0                stdout_serialize_begin
 .text.stdout_serialize_end
                0x10002eec       0x10 CMakeFiles/Motherboard.dir/C_/Users/robot/.pico-sdk/sdk/2.2.0/src/rp2_common/pico_stdio/stdio.c.obj
                0x10002eec                stdout_serialize_end
 .text.stdio_put_string
                0x10002efc       0x8c CMakeFiles/Motherboard.dir/C_/Users/robot/.pico-sdk/sdk/2.2.0/src/rp2_common/pico_stdio/stdio.c.obj
                0x10002efc                stdio_put_string
 .text.stdio_set_driver_enabled
                0x10002f88       0x2c CMakeFiles/Motherboard.dir/C_/Users/robot/.pico-sdk/sdk/2.2.0/src/rp2_common/pico_stdio/stdio.c.obj
                0x10002f88                stdio_set_driver_enabled
 .text.stdio_flush
                0x10002fb4       0x1c CMakeFiles/Motherboard.dir/C_/Users/robot/.pico-sdk/sdk/2.2.0/src/rp2_common/pico_stdio/stdio.c.obj
                0x10002fb4                stdio_flush
 .text.stdio_init_all
                0x10002fd0        0x8 CMakeFiles/Motherboard.dir/C_/Users/robot/.pico-sdk/sdk/2.2.0/src/rp2_common/pico_stdio/stdio.c.obj
                0x10002fd0                stdio_init_all
 .text.__wrap_puts
                0x10002fd8       0x1e CMakeFiles/Motherboard.dir/C_/Users/robot/.pico-sdk/sdk/2.2.0/src/rp2_common/pico_stdio/stdio.c.obj
                0x10002fd8                stdio_puts
                0x10002fd8                __wrap_puts
 *fill*         0x10002ff6        0x2 
 .text.__wrap_vprintf
                0x10002ff8       0x40 CMakeFiles/Motherboard.dir/C_/Users/robot/.pico-sdk/sdk/2.2.0/src/rp2_common/pico_stdio/stdio.c.obj
                0x10002ff8                stdio_vprintf
                0x10002ff8                __wrap_vprintf
 .text.__wrap_printf
                0x10003038       0x1c CMakeFiles/Motherboard.dir/C_/Users/robot/.pico-sdk/sdk/2.2.0/src/rp2_common/pico_stdio/stdio.c.obj
                0x10003038                __wrap_printf
                0x10003038                stdio_printf
 .text.resetd_init
                0x10003054        0x2 CMakeFiles/Motherboard.dir/C_/Users/robot/.pico-sdk/sdk/2.2.0/src/rp2_common/pico_stdio_usb/reset_interface.c.obj
 *fill*         0x10003056        0x2 
 .text.resetd_reset
                0x10003058        0xc CMakeFiles/Motherboard.dir/C_/Users/robot/.pico-sdk/sdk/2.2.0/src/rp2_common/pico_stdio_usb/reset_interface.c.obj
 .text.resetd_open
                0x10003064       0x34 CMakeFiles/Motherboard.dir/C_/Users/robot/.pico-sdk/sdk/2.2.0/src/rp2_common/pico_stdio_usb/reset_interface.c.obj
 .text.resetd_xfer_cb
                0x10003098        0x4 CMakeFiles/Motherboard.dir/C_/Users/robot/.pico-sdk/sdk/2.2.0/src/rp2_common/pico_stdio_usb/reset_interface.c.obj
 .text.resetd_control_xfer_cb
                0x1000309c       0x54 CMakeFiles/Motherboard.dir/C_/Users/robot/.pico-sdk/sdk/2.2.0/src/rp2_common/pico_stdio_usb/reset_interface.c.obj
 .text.tud_descriptor_bos_cb
                0x100030f0        0x8 CMakeFiles/Motherboard.dir/C_/Users/robot/.pico-sdk/sdk/2.2.0/src/rp2_common/pico_stdio_usb/reset_interface.c.obj
                0x100030f0                tud_descriptor_bos_cb
 .text.tud_vendor_control_xfer_cb
                0x100030f8       0x30 CMakeFiles/Motherboard.dir/C_/Users/robot/.pico-sdk/sdk/2.2.0/src/rp2_common/pico_stdio_usb/reset_interface.c.obj
                0x100030f8                tud_vendor_control_xfer_cb
 .text.usbd_app_driver_get_cb
                0x10003128        0xc CMakeFiles/Motherboard.dir/C_/Users/robot/.pico-sdk/sdk/2.2.0/src/rp2_common/pico_stdio_usb/reset_interface.c.obj
                0x10003128                usbd_app_driver_get_cb
 .text.tud_cdc_line_coding_cb
                0x10003134       0x18 CMakeFiles/Motherboard.dir/C_/Users/robot/.pico-sdk/sdk/2.2.0/src/rp2_common/pico_stdio_usb/reset_interface.c.obj
                0x10003134                tud_cdc_line_coding_cb
 .text.stdio_usb_set_chars_available_callback
                0x1000314c       0x14 CMakeFiles/Motherboard.dir/C_/Users/robot/.pico-sdk/sdk/2.2.0/src/rp2_common/pico_stdio_usb/stdio_usb.c.obj
                0x1000314c                stdio_usb_set_chars_available_callback
 .text.stdio_usb_out_flush
                0x10003160       0x48 CMakeFiles/Motherboard.dir/C_/Users/robot/.pico-sdk/sdk/2.2.0/src/rp2_common/pico_stdio_usb/stdio_usb.c.obj
 .text.timer_task
                0x100031a8       0x70 CMakeFiles/Motherboard.dir/C_/Users/robot/.pico-sdk/sdk/2.2.0/src/rp2_common/pico_stdio_usb/stdio_usb.c.obj
 .text.usb_irq  0x10003218       0x10 CMakeFiles/Motherboard.dir/C_/Users/robot/.pico-sdk/sdk/2.2.0/src/rp2_common/pico_stdio_usb/stdio_usb.c.obj
 .text.alarm_pool_add_alarm_in_us
                0x10003228       0x3a CMakeFiles/Motherboard.dir/C_/Users/robot/.pico-sdk/sdk/2.2.0/src/rp2_common/pico_stdio_usb/stdio_usb.c.obj
 .text.add_alarm_in_us
                0x10003262       0x26 CMakeFiles/Motherboard.dir/C_/Users/robot/.pico-sdk/sdk/2.2.0/src/rp2_common/pico_stdio_usb/stdio_usb.c.obj
 .text.low_priority_worker_irq
                0x10003288       0xa8 CMakeFiles/Motherboard.dir/C_/Users/robot/.pico-sdk/sdk/2.2.0/src/rp2_common/pico_stdio_usb/stdio_usb.c.obj
 .text.stdio_usb_init
                0x10003330       0xd4 CMakeFiles/Motherboard.dir/C_/Users/robot/.pico-sdk/sdk/2.2.0/src/rp2_common/pico_stdio_usb/stdio_usb.c.obj
                0x10003330                stdio_usb_init
 .text.stdio_usb_connected
                0x10003404        0xa CMakeFiles/Motherboard.dir/C_/Users/robot/.pico-sdk/sdk/2.2.0/src/rp2_common/pico_stdio_usb/stdio_usb.c.obj
                0x10003404                stdio_usb_connected
 *fill*         0x1000340e        0x2 
 .text.stdio_usb_in_chars
                0x10003410       0x8c CMakeFiles/Motherboard.dir/C_/Users/robot/.pico-sdk/sdk/2.2.0/src/rp2_common/pico_stdio_usb/stdio_usb.c.obj
                0x10003410                stdio_usb_in_chars
 .text.stdio_usb_out_chars
                0x1000349c       0xd4 CMakeFiles/Motherboard.dir/C_/Users/robot/.pico-sdk/sdk/2.2.0/src/rp2_common/pico_stdio_usb/stdio_usb.c.obj
 .text.tud_descriptor_device_cb
                0x10003570        0x8 CMakeFiles/Motherboard.dir/C_/Users/robot/.pico-sdk/sdk/2.2.0/src/rp2_common/pico_stdio_usb/stdio_usb_descriptors.c.obj
                0x10003570                tud_descriptor_device_cb
 .text.tud_descriptor_configuration_cb
                0x10003578        0x8 CMakeFiles/Motherboard.dir/C_/Users/robot/.pico-sdk/sdk/2.2.0/src/rp2_common/pico_stdio_usb/stdio_usb_descriptors.c.obj
                0x10003578                tud_descriptor_configuration_cb
 .text.tud_descriptor_string_cb
                0x10003580       0x64 CMakeFiles/Motherboard.dir/C_/Users/robot/.pico-sdk/sdk/2.2.0/src/rp2_common/pico_stdio_usb/stdio_usb_descriptors.c.obj
                0x10003580                tud_descriptor_string_cb
 .text._retrieve_unique_id_on_boot
                0x100035e4       0x58 CMakeFiles/Motherboard.dir/C_/Users/robot/.pico-sdk/sdk/2.2.0/src/rp2_common/pico_unique_id/unique_id.c.obj
 .text.pico_get_unique_board_id_string
                0x1000363c       0x5c CMakeFiles/Motherboard.dir/C_/Users/robot/.pico-sdk/sdk/2.2.0/src/rp2_common/pico_unique_id/unique_id.c.obj
                0x1000363c                pico_get_unique_board_id_string
 .text.hw_endpoint_init
                0x10003698       0xbc CMakeFiles/Motherboard.dir/C_/Users/robot/.pico-sdk/sdk/2.2.0/lib/tinyusb/src/portable/raspberrypi/rp2040/dcd_rp2040.c.obj
 .text.hw_endpoint_alloc
                0x10003754       0x48 CMakeFiles/Motherboard.dir/C_/Users/robot/.pico-sdk/sdk/2.2.0/lib/tinyusb/src/portable/raspberrypi/rp2040/dcd_rp2040.c.obj
 .text.hw_endpoint_open
                0x1000379c       0x44 CMakeFiles/Motherboard.dir/C_/Users/robot/.pico-sdk/sdk/2.2.0/lib/tinyusb/src/portable/raspberrypi/rp2040/dcd_rp2040.c.obj
 .text.hw_endpoint_xfer
                0x100037e0       0x1c CMakeFiles/Motherboard.dir/C_/Users/robot/.pico-sdk/sdk/2.2.0/lib/tinyusb/src/portable/raspberrypi/rp2040/dcd_rp2040.c.obj
 .text.dcd_int_enable
                0x100037fc       0x28 CMakeFiles/Motherboard.dir/C_/Users/robot/.pico-sdk/sdk/2.2.0/lib/tinyusb/src/portable/raspberrypi/rp2040/dcd_rp2040.c.obj
                0x100037fc                dcd_int_enable
 .text.dcd_set_address
                0x10003824       0x2c CMakeFiles/Motherboard.dir/C_/Users/robot/.pico-sdk/sdk/2.2.0/lib/tinyusb/src/portable/raspberrypi/rp2040/dcd_rp2040.c.obj
                0x10003824                dcd_set_address
 .text.dcd_connect
                0x10003850       0x10 CMakeFiles/Motherboard.dir/C_/Users/robot/.pico-sdk/sdk/2.2.0/lib/tinyusb/src/portable/raspberrypi/rp2040/dcd_rp2040.c.obj
                0x10003850                dcd_connect
 .text.dcd_init
                0x10003860       0x84 CMakeFiles/Motherboard.dir/C_/Users/robot/.pico-sdk/sdk/2.2.0/lib/tinyusb/src/portable/raspberrypi/rp2040/dcd_rp2040.c.obj
                0x10003860                dcd_init
 .text.dcd_sof_enable
                0x100038e4       0x1c CMakeFiles/Motherboard.dir/C_/Users/robot/.pico-sdk/sdk/2.2.0/lib/tinyusb/src/portable/raspberrypi/rp2040/dcd_rp2040.c.obj
                0x100038e4                dcd_sof_enable
 .text.dcd_edpt0_status_complete
                0x10003900       0x20 CMakeFiles/Motherboard.dir/C_/Users/robot/.pico-sdk/sdk/2.2.0/lib/tinyusb/src/portable/raspberrypi/rp2040/dcd_rp2040.c.obj
                0x10003900                dcd_edpt0_status_complete
 .text.dcd_edpt_open
                0x10003920       0x22 CMakeFiles/Motherboard.dir/C_/Users/robot/.pico-sdk/sdk/2.2.0/lib/tinyusb/src/portable/raspberrypi/rp2040/dcd_rp2040.c.obj
                0x10003920                dcd_edpt_open
 .text.dcd_edpt_close_all
                0x10003942        0x8 CMakeFiles/Motherboard.dir/C_/Users/robot/.pico-sdk/sdk/2.2.0/lib/tinyusb/src/portable/raspberrypi/rp2040/dcd_rp2040.c.obj
                0x10003942                dcd_edpt_close_all
 *fill*         0x1000394a        0x2 
 .text.dcd_edpt_xfer
                0x1000394c       0x2c CMakeFiles/Motherboard.dir/C_/Users/robot/.pico-sdk/sdk/2.2.0/lib/tinyusb/src/portable/raspberrypi/rp2040/dcd_rp2040.c.obj
                0x1000394c                dcd_edpt_xfer
 .text.dcd_edpt_stall
                0x10003978       0x38 CMakeFiles/Motherboard.dir/C_/Users/robot/.pico-sdk/sdk/2.2.0/lib/tinyusb/src/portable/raspberrypi/rp2040/dcd_rp2040.c.obj
                0x10003978                dcd_edpt_stall
 .text.dcd_edpt_clear_stall
                0x100039b0       0x28 CMakeFiles/Motherboard.dir/C_/Users/robot/.pico-sdk/sdk/2.2.0/lib/tinyusb/src/portable/raspberrypi/rp2040/dcd_rp2040.c.obj
                0x100039b0                dcd_edpt_clear_stall
 .text.unaligned_memcpy
                0x100039d8       0x14 CMakeFiles/Motherboard.dir/C_/Users/robot/.pico-sdk/sdk/2.2.0/lib/tinyusb/src/portable/raspberrypi/rp2040/rp2040_usb.c.obj
 .text.rp2040_usb_init
                0x100039ec       0x40 CMakeFiles/Motherboard.dir/C_/Users/robot/.pico-sdk/sdk/2.2.0/lib/tinyusb/src/portable/raspberrypi/rp2040/rp2040_usb.c.obj
                0x100039ec                rp2040_usb_init
 .text.hw_endpoint_xfer_start
                0x10003a2c       0x58 CMakeFiles/Motherboard.dir/C_/Users/robot/.pico-sdk/sdk/2.2.0/lib/tinyusb/src/portable/raspberrypi/rp2040/rp2040_usb.c.obj
                0x10003a2c                hw_endpoint_xfer_start
 .text.configuration_reset
                0x10003a84       0x90 CMakeFiles/Motherboard.dir/C_/Users/robot/.pico-sdk/sdk/2.2.0/lib/tinyusb/src/device/usbd.c.obj
 .text.usbd_reset
                0x10003b14        0xc CMakeFiles/Motherboard.dir/C_/Users/robot/.pico-sdk/sdk/2.2.0/lib/tinyusb/src/device/usbd.c.obj
 .text.invoke_class_control
                0x10003b20       0x1a CMakeFiles/Motherboard.dir/C_/Users/robot/.pico-sdk/sdk/2.2.0/lib/tinyusb/src/device/usbd.c.obj
 *fill*         0x10003b3a        0x2 
 .text.process_set_config
                0x10003b3c      0x1cc CMakeFiles/Motherboard.dir/C_/Users/robot/.pico-sdk/sdk/2.2.0/lib/tinyusb/src/device/usbd.c.obj
 .text.tud_event_hook_cb
                0x10003d08        0x2 CMakeFiles/Motherboard.dir/C_/Users/robot/.pico-sdk/sdk/2.2.0/lib/tinyusb/src/device/usbd.c.obj
                0x10003d08                tud_event_hook_cb
 .text.tud_sof_cb
                0x10003d0a        0x2 CMakeFiles/Motherboard.dir/C_/Users/robot/.pico-sdk/sdk/2.2.0/lib/tinyusb/src/device/usbd.c.obj
                0x10003d0a                tud_sof_cb
 .text.tud_descriptor_device_qualifier_cb
                0x10003d0c        0x4 CMakeFiles/Motherboard.dir/C_/Users/robot/.pico-sdk/sdk/2.2.0/lib/tinyusb/src/device/usbd.c.obj
                0x10003d0c                tud_descriptor_device_qualifier_cb
 .text.tud_descriptor_other_speed_configuration_cb
                0x10003d10        0x4 CMakeFiles/Motherboard.dir/C_/Users/robot/.pico-sdk/sdk/2.2.0/lib/tinyusb/src/device/usbd.c.obj
                0x10003d10                tud_descriptor_other_speed_configuration_cb
 .text.process_get_descriptor
                0x10003d14       0xf8 CMakeFiles/Motherboard.dir/C_/Users/robot/.pico-sdk/sdk/2.2.0/lib/tinyusb/src/device/usbd.c.obj
 .text.tud_mount_cb
                0x10003e0c        0x2 CMakeFiles/Motherboard.dir/C_/Users/robot/.pico-sdk/sdk/2.2.0/lib/tinyusb/src/device/usbd.c.obj
                0x10003e0c                tud_mount_cb
 .text.tud_umount_cb
                0x10003e0e        0x2 CMakeFiles/Motherboard.dir/C_/Users/robot/.pico-sdk/sdk/2.2.0/lib/tinyusb/src/device/usbd.c.obj
                0x10003e0e                tud_umount_cb
 .text.tud_suspend_cb
                0x10003e10        0x2 CMakeFiles/Motherboard.dir/C_/Users/robot/.pico-sdk/sdk/2.2.0/lib/tinyusb/src/device/usbd.c.obj
                0x10003e10                tud_suspend_cb
 .text.tud_resume_cb
                0x10003e12        0x2 CMakeFiles/Motherboard.dir/C_/Users/robot/.pico-sdk/sdk/2.2.0/lib/tinyusb/src/device/usbd.c.obj
                0x10003e12                tud_resume_cb
 .text.tud_mounted
                0x10003e14       0x14 CMakeFiles/Motherboard.dir/C_/Users/robot/.pico-sdk/sdk/2.2.0/lib/tinyusb/src/device/usbd.c.obj
                0x10003e14                tud_mounted
 .text.tud_suspended
                0x10003e28       0x10 CMakeFiles/Motherboard.dir/C_/Users/robot/.pico-sdk/sdk/2.2.0/lib/tinyusb/src/device/usbd.c.obj
                0x10003e28                tud_suspended
 .text.tud_inited
                0x10003e38       0x10 CMakeFiles/Motherboard.dir/C_/Users/robot/.pico-sdk/sdk/2.2.0/lib/tinyusb/src/device/usbd.c.obj
                0x10003e38                tud_inited
 .text.tud_rhport_init
                0x10003e48      0x128 CMakeFiles/Motherboard.dir/C_/Users/robot/.pico-sdk/sdk/2.2.0/lib/tinyusb/src/device/usbd.c.obj
                0x10003e48                tud_rhport_init
 .text.usbd_edpt_open
                0x10003f70       0x7c CMakeFiles/Motherboard.dir/C_/Users/robot/.pico-sdk/sdk/2.2.0/lib/tinyusb/src/device/usbd.c.obj
                0x10003f70                usbd_edpt_open
 .text.usbd_open_edpt_pair
                0x10003fec       0xa4 CMakeFiles/Motherboard.dir/C_/Users/robot/.pico-sdk/sdk/2.2.0/lib/tinyusb/src/device/usbd.c.obj
                0x10003fec                usbd_open_edpt_pair
 .text.usbd_edpt_claim
                0x10004090       0x28 CMakeFiles/Motherboard.dir/C_/Users/robot/.pico-sdk/sdk/2.2.0/lib/tinyusb/src/device/usbd.c.obj
                0x10004090                usbd_edpt_claim
 .text.usbd_edpt_release
                0x100040b8       0x28 CMakeFiles/Motherboard.dir/C_/Users/robot/.pico-sdk/sdk/2.2.0/lib/tinyusb/src/device/usbd.c.obj
                0x100040b8                usbd_edpt_release
 .text.usbd_edpt_xfer
                0x100040e0       0x90 CMakeFiles/Motherboard.dir/C_/Users/robot/.pico-sdk/sdk/2.2.0/lib/tinyusb/src/device/usbd.c.obj
                0x100040e0                usbd_edpt_xfer
 .text.usbd_edpt_stall
                0x10004170       0x3c CMakeFiles/Motherboard.dir/C_/Users/robot/.pico-sdk/sdk/2.2.0/lib/tinyusb/src/device/usbd.c.obj
                0x10004170                usbd_edpt_stall
 .text.usbd_edpt_clear_stall
                0x100041ac       0x3c CMakeFiles/Motherboard.dir/C_/Users/robot/.pico-sdk/sdk/2.2.0/lib/tinyusb/src/device/usbd.c.obj
                0x100041ac                usbd_edpt_clear_stall
 .text.usbd_edpt_stalled
                0x100041e8       0x1c CMakeFiles/Motherboard.dir/C_/Users/robot/.pico-sdk/sdk/2.2.0/lib/tinyusb/src/device/usbd.c.obj
                0x100041e8                usbd_edpt_stalled
 .text.process_control_request
                0x10004204      0x404 CMakeFiles/Motherboard.dir/C_/Users/robot/.pico-sdk/sdk/2.2.0/lib/tinyusb/src/device/usbd.c.obj
 .text.tud_task_ext
                0x10004608      0x250 CMakeFiles/Motherboard.dir/C_/Users/robot/.pico-sdk/sdk/2.2.0/lib/tinyusb/src/device/usbd.c.obj
                0x10004608                tud_task_ext
 .text.status_stage_xact
                0x10004858       0x1a CMakeFiles/Motherboard.dir/C_/Users/robot/.pico-sdk/sdk/2.2.0/lib/tinyusb/src/device/usbd_control.c.obj
 *fill*         0x10004872        0x2 
 .text.data_stage_xact
                0x10004874       0x5c CMakeFiles/Motherboard.dir/C_/Users/robot/.pico-sdk/sdk/2.2.0/lib/tinyusb/src/device/usbd_control.c.obj
 .text.tud_control_status
                0x100048d0       0x28 CMakeFiles/Motherboard.dir/C_/Users/robot/.pico-sdk/sdk/2.2.0/lib/tinyusb/src/device/usbd_control.c.obj
                0x100048d0                tud_control_status
 .text.tud_control_xfer
                0x100048f8       0xac CMakeFiles/Motherboard.dir/C_/Users/robot/.pico-sdk/sdk/2.2.0/lib/tinyusb/src/device/usbd_control.c.obj
                0x100048f8                tud_control_xfer
 .text.usbd_control_reset
                0x100049a4       0x14 CMakeFiles/Motherboard.dir/C_/Users/robot/.pico-sdk/sdk/2.2.0/lib/tinyusb/src/device/usbd_control.c.obj
                0x100049a4                usbd_control_reset
 .text.usbd_control_set_complete_callback
                0x100049b8        0xc CMakeFiles/Motherboard.dir/C_/Users/robot/.pico-sdk/sdk/2.2.0/lib/tinyusb/src/device/usbd_control.c.obj
                0x100049b8                usbd_control_set_complete_callback
 .text.usbd_control_set_request
                0x100049c4       0x1c CMakeFiles/Motherboard.dir/C_/Users/robot/.pico-sdk/sdk/2.2.0/lib/tinyusb/src/device/usbd_control.c.obj
                0x100049c4                usbd_control_set_request
 .text.usbd_control_xfer_cb
                0x100049e0      0x10c CMakeFiles/Motherboard.dir/C_/Users/robot/.pico-sdk/sdk/2.2.0/lib/tinyusb/src/device/usbd_control.c.obj
                0x100049e0                usbd_control_xfer_cb
 .text._prep_out_transaction
                0x10004aec       0x94 CMakeFiles/Motherboard.dir/C_/Users/robot/.pico-sdk/sdk/2.2.0/lib/tinyusb/src/class/cdc/cdc_device.c.obj
 .text.tud_cdc_n_connected
                0x10004b80       0x34 CMakeFiles/Motherboard.dir/C_/Users/robot/.pico-sdk/sdk/2.2.0/lib/tinyusb/src/class/cdc/cdc_device.c.obj
                0x10004b80                tud_cdc_n_connected
 .text.tud_cdc_n_available
                0x10004bb4       0x18 CMakeFiles/Motherboard.dir/C_/Users/robot/.pico-sdk/sdk/2.2.0/lib/tinyusb/src/class/cdc/cdc_device.c.obj
                0x10004bb4                tud_cdc_n_available
 .text.tud_cdc_n_read
                0x10004bcc       0x34 CMakeFiles/Motherboard.dir/C_/Users/robot/.pico-sdk/sdk/2.2.0/lib/tinyusb/src/class/cdc/cdc_device.c.obj
                0x10004bcc                tud_cdc_n_read
 .text.tud_cdc_n_write_flush
                0x10004c00       0xb8 CMakeFiles/Motherboard.dir/C_/Users/robot/.pico-sdk/sdk/2.2.0/lib/tinyusb/src/class/cdc/cdc_device.c.obj
                0x10004c00                tud_cdc_n_write_flush
 .text.tud_cdc_n_write
                0x10004cb8       0x44 CMakeFiles/Motherboard.dir/C_/Users/robot/.pico-sdk/sdk/2.2.0/lib/tinyusb/src/class/cdc/cdc_device.c.obj
                0x10004cb8                tud_cdc_n_write
 .text.tud_cdc_n_write_available
                0x10004cfc       0x1c CMakeFiles/Motherboard.dir/C_/Users/robot/.pico-sdk/sdk/2.2.0/lib/tinyusb/src/class/cdc/cdc_device.c.obj
                0x10004cfc                tud_cdc_n_write_available
 .text.cdcd_init
                0x10004d18       0xa4 CMakeFiles/Motherboard.dir/C_/Users/robot/.pico-sdk/sdk/2.2.0/lib/tinyusb/src/class/cdc/cdc_device.c.obj
                0x10004d18                cdcd_init
 .text.cdcd_deinit
                0x10004dbc       0x40 CMakeFiles/Motherboard.dir/C_/Users/robot/.pico-sdk/sdk/2.2.0/lib/tinyusb/src/class/cdc/cdc_device.c.obj
                0x10004dbc                cdcd_deinit
 .text.cdcd_reset
                0x10004dfc       0x78 CMakeFiles/Motherboard.dir/C_/Users/robot/.pico-sdk/sdk/2.2.0/lib/tinyusb/src/class/cdc/cdc_device.c.obj
                0x10004dfc                cdcd_reset
 .text.cdcd_open
                0x10004e74      0x124 CMakeFiles/Motherboard.dir/C_/Users/robot/.pico-sdk/sdk/2.2.0/lib/tinyusb/src/class/cdc/cdc_device.c.obj
                0x10004e74                cdcd_open
 .text.cdcd_control_xfer_cb
                0x10004f98      0x120 CMakeFiles/Motherboard.dir/C_/Users/robot/.pico-sdk/sdk/2.2.0/lib/tinyusb/src/class/cdc/cdc_device.c.obj
                0x10004f98                cdcd_control_xfer_cb
 .text.cdcd_xfer_cb
                0x100050b8      0x138 CMakeFiles/Motherboard.dir/C_/Users/robot/.pico-sdk/sdk/2.2.0/lib/tinyusb/src/class/cdc/cdc_device.c.obj
                0x100050b8                cdcd_xfer_cb
 .text.tud_vendor_n_mounted
                0x100051f0       0x30 CMakeFiles/Motherboard.dir/C_/Users/robot/.pico-sdk/sdk/2.2.0/lib/tinyusb/src/class/vendor/vendor_device.c.obj
                0x100051f0                tud_vendor_n_mounted
 .text.tud_vendor_n_write_flush
                0x10005220       0x20 CMakeFiles/Motherboard.dir/C_/Users/robot/.pico-sdk/sdk/2.2.0/lib/tinyusb/src/class/vendor/vendor_device.c.obj
                0x10005220                tud_vendor_n_write_flush
 .text.vendord_init
                0x10005240       0x90 CMakeFiles/Motherboard.dir/C_/Users/robot/.pico-sdk/sdk/2.2.0/lib/tinyusb/src/class/vendor/vendor_device.c.obj
                0x10005240                vendord_init
 .text.vendord_deinit
                0x100052d0       0x30 CMakeFiles/Motherboard.dir/C_/Users/robot/.pico-sdk/sdk/2.2.0/lib/tinyusb/src/class/vendor/vendor_device.c.obj
                0x100052d0                vendord_deinit
 .text.vendord_reset
                0x10005300       0x48 CMakeFiles/Motherboard.dir/C_/Users/robot/.pico-sdk/sdk/2.2.0/lib/tinyusb/src/class/vendor/vendor_device.c.obj
                0x10005300                vendord_reset
 .text.vendord_open
                0x10005348      0x144 CMakeFiles/Motherboard.dir/C_/Users/robot/.pico-sdk/sdk/2.2.0/lib/tinyusb/src/class/vendor/vendor_device.c.obj
                0x10005348                vendord_open
 .text.vendord_xfer_cb
                0x1000548c       0xb8 CMakeFiles/Motherboard.dir/C_/Users/robot/.pico-sdk/sdk/2.2.0/lib/tinyusb/src/class/vendor/vendor_device.c.obj
                0x1000548c                vendord_xfer_cb
 .text.tusb_rhport_init
                0x10005544       0xac CMakeFiles/Motherboard.dir/C_/Users/robot/.pico-sdk/sdk/2.2.0/lib/tinyusb/src/tusb.c.obj
                0x10005544                tusb_rhport_init
 .text.tu_edpt_claim
                0x100055f0       0x50 CMakeFiles/Motherboard.dir/C_/Users/robot/.pico-sdk/sdk/2.2.0/lib/tinyusb/src/tusb.c.obj
                0x100055f0                tu_edpt_claim
 .text.tu_edpt_release
                0x10005640       0x3c CMakeFiles/Motherboard.dir/C_/Users/robot/.pico-sdk/sdk/2.2.0/lib/tinyusb/src/tusb.c.obj
                0x10005640                tu_edpt_release
 .text.tu_edpt_validate
                0x1000567c       0xe0 CMakeFiles/Motherboard.dir/C_/Users/robot/.pico-sdk/sdk/2.2.0/lib/tinyusb/src/tusb.c.obj
                0x1000567c                tu_edpt_validate
 .text.tu_edpt_bind_driver
                0x1000575c       0x4a CMakeFiles/Motherboard.dir/C_/Users/robot/.pico-sdk/sdk/2.2.0/lib/tinyusb/src/tusb.c.obj
                0x1000575c                tu_edpt_bind_driver
 .text.tu_edpt_stream_init
                0x100057a6       0x54 CMakeFiles/Motherboard.dir/C_/Users/robot/.pico-sdk/sdk/2.2.0/lib/tinyusb/src/tusb.c.obj
                0x100057a6                tu_edpt_stream_init
 .text.tu_edpt_stream_deinit
                0x100057fa        0x4 CMakeFiles/Motherboard.dir/C_/Users/robot/.pico-sdk/sdk/2.2.0/lib/tinyusb/src/tusb.c.obj
                0x100057fa                tu_edpt_stream_deinit
 *fill*         0x100057fe        0x2 
 .text.tu_edpt_stream_write_zlp_if_needed
                0x10005800       0x90 CMakeFiles/Motherboard.dir/C_/Users/robot/.pico-sdk/sdk/2.2.0/lib/tinyusb/src/tusb.c.obj
                0x10005800                tu_edpt_stream_write_zlp_if_needed
 .text.tu_edpt_stream_write_xfer
                0x10005890       0x98 CMakeFiles/Motherboard.dir/C_/Users/robot/.pico-sdk/sdk/2.2.0/lib/tinyusb/src/tusb.c.obj
                0x10005890                tu_edpt_stream_write_xfer
 .text.tu_edpt_stream_read_xfer
                0x10005928      0x118 CMakeFiles/Motherboard.dir/C_/Users/robot/.pico-sdk/sdk/2.2.0/lib/tinyusb/src/tusb.c.obj
                0x10005928                tu_edpt_stream_read_xfer
 .text.advance_index
                0x10005a40       0x1a CMakeFiles/Motherboard.dir/C_/Users/robot/.pico-sdk/sdk/2.2.0/lib/tinyusb/src/common/tusb_fifo.c.obj
 .text._tu_fifo_peek
                0x10005a5a       0x62 CMakeFiles/Motherboard.dir/C_/Users/robot/.pico-sdk/sdk/2.2.0/lib/tinyusb/src/common/tusb_fifo.c.obj
 .text._ff_pull_n
                0x10005abc       0x68 CMakeFiles/Motherboard.dir/C_/Users/robot/.pico-sdk/sdk/2.2.0/lib/tinyusb/src/common/tusb_fifo.c.obj
 .text._tu_fifo_peek_n
                0x10005b24       0x6a CMakeFiles/Motherboard.dir/C_/Users/robot/.pico-sdk/sdk/2.2.0/lib/tinyusb/src/common/tusb_fifo.c.obj
 .text._tu_fifo_read_n
                0x10005b8e       0x4c CMakeFiles/Motherboard.dir/C_/Users/robot/.pico-sdk/sdk/2.2.0/lib/tinyusb/src/common/tusb_fifo.c.obj
 .text._ff_push_n
                0x10005bda       0x66 CMakeFiles/Motherboard.dir/C_/Users/robot/.pico-sdk/sdk/2.2.0/lib/tinyusb/src/common/tusb_fifo.c.obj
 .text._tu_fifo_write_n
                0x10005c40       0xf0 CMakeFiles/Motherboard.dir/C_/Users/robot/.pico-sdk/sdk/2.2.0/lib/tinyusb/src/common/tusb_fifo.c.obj
 .text.tu_fifo_config
                0x10005d30       0x62 CMakeFiles/Motherboard.dir/C_/Users/robot/.pico-sdk/sdk/2.2.0/lib/tinyusb/src/common/tusb_fifo.c.obj
                0x10005d30                tu_fifo_config
 .text.tu_fifo_count
                0x10005d92       0x28 CMakeFiles/Motherboard.dir/C_/Users/robot/.pico-sdk/sdk/2.2.0/lib/tinyusb/src/common/tusb_fifo.c.obj
                0x10005d92                tu_fifo_count
 .text.tu_fifo_empty
                0x10005dba       0x12 CMakeFiles/Motherboard.dir/C_/Users/robot/.pico-sdk/sdk/2.2.0/lib/tinyusb/src/common/tusb_fifo.c.obj
                0x10005dba                tu_fifo_empty
 .text.tu_fifo_full
                0x10005dcc       0x28 CMakeFiles/Motherboard.dir/C_/Users/robot/.pico-sdk/sdk/2.2.0/lib/tinyusb/src/common/tusb_fifo.c.obj
                0x10005dcc                tu_fifo_full
 .text.tu_fifo_remaining
                0x10005df4       0x2c CMakeFiles/Motherboard.dir/C_/Users/robot/.pico-sdk/sdk/2.2.0/lib/tinyusb/src/common/tusb_fifo.c.obj
                0x10005df4                tu_fifo_remaining
 .text.tu_fifo_read
                0x10005e20       0x3e CMakeFiles/Motherboard.dir/C_/Users/robot/.pico-sdk/sdk/2.2.0/lib/tinyusb/src/common/tusb_fifo.c.obj
                0x10005e20                tu_fifo_read
 .text.tu_fifo_read_n
                0x10005e5e        0xa CMakeFiles/Motherboard.dir/C_/Users/robot/.pico-sdk/sdk/2.2.0/lib/tinyusb/src/common/tusb_fifo.c.obj
                0x10005e5e                tu_fifo_read_n
 .text.tu_fifo_write
                0x10005e68       0x5e CMakeFiles/Motherboard.dir/C_/Users/robot/.pico-sdk/sdk/2.2.0/lib/tinyusb/src/common/tusb_fifo.c.obj
                0x10005e68                tu_fifo_write
 .text.tu_fifo_write_n
                0x10005ec6        0xa CMakeFiles/Motherboard.dir/C_/Users/robot/.pico-sdk/sdk/2.2.0/lib/tinyusb/src/common/tusb_fifo.c.obj
                0x10005ec6                tu_fifo_write_n
 .text.tu_fifo_clear
                0x10005ed0       0x36 CMakeFiles/Motherboard.dir/C_/Users/robot/.pico-sdk/sdk/2.2.0/lib/tinyusb/src/common/tusb_fifo.c.obj
                0x10005ed0                tu_fifo_clear
 .text.tu_fifo_set_overwritable
                0x10005f06       0x3a CMakeFiles/Motherboard.dir/C_/Users/robot/.pico-sdk/sdk/2.2.0/lib/tinyusb/src/common/tusb_fifo.c.obj
                0x10005f06                tu_fifo_set_overwritable
 .text.spi_unreset
                0x10005f40       0x2c CMakeFiles/Motherboard.dir/C_/Users/robot/.pico-sdk/sdk/2.2.0/src/rp2_common/hardware_spi/spi.c.obj
 .text.spi_set_baudrate
                0x10005f6c       0x7e CMakeFiles/Motherboard.dir/C_/Users/robot/.pico-sdk/sdk/2.2.0/src/rp2_common/hardware_spi/spi.c.obj
                0x10005f6c                spi_set_baudrate
 *fill*         0x10005fea        0x2 
 .text.spi_init
                0x10005fec       0x68 CMakeFiles/Motherboard.dir/C_/Users/robot/.pico-sdk/sdk/2.2.0/src/rp2_common/hardware_spi/spi.c.obj
                0x10005fec                spi_init
 .text.i2c_unreset
                0x10006054       0x2c CMakeFiles/Motherboard.dir/C_/Users/robot/.pico-sdk/sdk/2.2.0/src/rp2_common/hardware_i2c/i2c.c.obj
 .text.i2c_set_baudrate
                0x10006080       0xc8 CMakeFiles/Motherboard.dir/C_/Users/robot/.pico-sdk/sdk/2.2.0/src/rp2_common/hardware_i2c/i2c.c.obj
                0x10006080                i2c_set_baudrate
 .text.i2c_init
                0x10006148       0x54 CMakeFiles/Motherboard.dir/C_/Users/robot/.pico-sdk/sdk/2.2.0/src/rp2_common/hardware_i2c/i2c.c.obj
                0x10006148                i2c_init
 .text.memset   0x1000619c       0x9c C:/Users/robot/.pico-sdk/toolchain/14_2_Rel1/bin/../lib/gcc/arm-none-eabi/14.2.1/thumb/v8-m.main+fp/softfp\libg.a(libc_a-memset.o)
                0x1000619c                memset
 .text          0x10006238       0xec C:/Users/robot/.pico-sdk/toolchain/14_2_Rel1/bin/../lib/gcc/arm-none-eabi/14.2.1/thumb/v8-m.main+fp/softfp\libg.a(libc_a-memcpy.o)
                0x10006238                memcpy
 .text.strlen   0x10006324       0x5c C:/Users/robot/.pico-sdk/toolchain/14_2_Rel1/bin/../lib/gcc/arm-none-eabi/14.2.1/thumb/v8-m.main+fp/softfp\libg.a(libc_a-strlen-stub.o)
                0x10006324                strlen
 *(.fini)
 .fini          0x10006380        0x4 C:/Users/robot/.pico-sdk/toolchain/14_2_Rel1/bin/../lib/gcc/arm-none-eabi/14.2.1/thumb/v8-m.main+fp/softfp/crti.o
                0x10006380                _fini
 *fill*         0x10006384        0x4 
 .fini.__stub   0x10006388       0x58 linker stubs
 *crtbegin.o(.ctors)
 *crtbegin?.o(.ctors)
 *(EXCLUDE_FILE(*crtend.o *crtend?.o) .ctors)
 *(SORT_BY_NAME(.ctors.*))
 *(.ctors)
 *crtbegin.o(.dtors)
 *crtbegin?.o(.dtors)
 *(EXCLUDE_FILE(*crtend.o *crtend?.o) .dtors)
 *(SORT_BY_NAME(.dtors.*))
 *(.dtors)
                0x100063e0                        . = ALIGN (0x4)
                0x100063e0                        PROVIDE (__preinit_array_start = .)
 *(SORT_BY_NAME(.preinit_array.*))
 .preinit_array.00050
                0x100063e0        0x4 CMakeFiles/Motherboard.dir/C_/Users/robot/.pico-sdk/sdk/2.2.0/src/rp2_common/pico_runtime_init/runtime_init.c.obj
                0x100063e0                __pre_init_runtime_init_bootrom_reset
 .preinit_array.00100
                0x100063e4        0x4 CMakeFiles/Motherboard.dir/C_/Users/robot/.pico-sdk/sdk/2.2.0/src/rp2_common/pico_runtime_init/runtime_init.c.obj
                0x100063e4                __pre_init_runtime_init_early_resets
 .preinit_array.00101
                0x100063e8        0x4 CMakeFiles/Motherboard.dir/C_/Users/robot/.pico-sdk/sdk/2.2.0/src/rp2_common/pico_runtime_init/runtime_init.c.obj
                0x100063e8                __pre_init_runtime_init_usb_power_down
 .preinit_array.00500
                0x100063ec        0x4 CMakeFiles/Motherboard.dir/C_/Users/robot/.pico-sdk/sdk/2.2.0/src/rp2_common/pico_runtime_init/runtime_init.c.obj
                0x100063ec                __pre_init_runtime_init_clocks
 .preinit_array.00600
                0x100063f0        0x4 CMakeFiles/Motherboard.dir/C_/Users/robot/.pico-sdk/sdk/2.2.0/src/rp2_common/pico_runtime_init/runtime_init.c.obj
                0x100063f0                __pre_init_runtime_init_post_clock_resets
 .preinit_array.01000
                0x100063f4        0x4 CMakeFiles/Motherboard.dir/C_/Users/robot/.pico-sdk/sdk/2.2.0/src/rp2_common/hardware_boot_lock/boot_lock.c.obj
                0x100063f4                __pre_init_runtime_init_boot_locks_reset
 .preinit_array.01000
                0x100063f8        0x4 CMakeFiles/Motherboard.dir/C_/Users/robot/.pico-sdk/sdk/2.2.0/src/rp2_common/pico_runtime_init/runtime_init.c.obj
                0x100063f8                __pre_init_runtime_init_spin_locks_reset
 .preinit_array.01010
                0x100063fc        0x4 CMakeFiles/Motherboard.dir/C_/Users/robot/.pico-sdk/sdk/2.2.0/src/rp2_common/pico_bootrom/bootrom_lock.c.obj
                0x100063fc                __pre_init_runtime_init_bootrom_locking_enable
 .preinit_array.01100
                0x10006400        0x4 CMakeFiles/Motherboard.dir/C_/Users/robot/.pico-sdk/sdk/2.2.0/src/common/pico_sync/mutex.c.obj
                0x10006400                __pre_init_runtime_init_mutex
 .preinit_array.10080
                0x10006404        0x4 CMakeFiles/Motherboard.dir/C_/Users/robot/.pico-sdk/sdk/2.2.0/src/rp2_common/pico_runtime_init/runtime_init.c.obj
                0x10006404                __pre_init_runtime_init_install_ram_vector_table
 .preinit_array.11000
                0x10006408        0x4 CMakeFiles/Motherboard.dir/C_/Users/robot/.pico-sdk/sdk/2.2.0/src/common/pico_time/time.c.obj
                0x10006408                __pre_init_runtime_init_default_alarm_pool
 .preinit_array.YYYYY
                0x1000640c        0x4 CMakeFiles/Motherboard.dir/C_/Users/robot/.pico-sdk/sdk/2.2.0/src/rp2_common/pico_runtime/runtime.c.obj
                0x1000640c                __pre_init_first_per_core_initializer
 .preinit_array.ZZZZZ.00051
                0x10006410        0x4 CMakeFiles/Motherboard.dir/C_/Users/robot/.pico-sdk/sdk/2.2.0/src/rp2_common/pico_runtime_init/runtime_init.c.obj
                0x10006410                __pre_init_runtime_init_per_core_bootrom_reset
 .preinit_array.ZZZZZ.00200
                0x10006414        0x4 CMakeFiles/Motherboard.dir/C_/Users/robot/.pico-sdk/sdk/2.2.0/src/rp2_common/pico_runtime_init/runtime_init.c.obj
                0x10006414                __pre_init_runtime_init_per_core_enable_coprocessors
 .preinit_array.ZZZZZ.01000
                0x10006418        0x4 CMakeFiles/Motherboard.dir/C_/Users/robot/.pico-sdk/sdk/2.2.0/src/rp2_common/hardware_sync_spin_lock/sync_spin_lock.c.obj
                0x10006418                __pre_init_spinlock_set_extexclall
 .preinit_array.ZZZZZ.01200
                0x1000641c        0x4 CMakeFiles/Motherboard.dir/C_/Users/robot/.pico-sdk/sdk/2.2.0/src/rp2_common/hardware_irq/irq.c.obj
                0x1000641c                __pre_init_runtime_init_per_core_irq_priorities
 *(.preinit_array)
                0x10006420                        PROVIDE (__preinit_array_end = .)
                0x10006420                        . = ALIGN (0x4)
                0x10006420                        PROVIDE (__init_array_start = .)
 *(SORT_BY_NAME(.init_array.*))
 .init_array.01000
                0x10006420        0x4 CMakeFiles/Motherboard.dir/C_/Users/robot/.pico-sdk/sdk/2.2.0/src/rp2_common/pico_unique_id/unique_id.c.obj
 *(.init_array)
 .init_array    0x10006424        0x4 C:/Users/robot/.pico-sdk/toolchain/14_2_Rel1/bin/../lib/gcc/arm-none-eabi/14.2.1/thumb/v8-m.main+fp/softfp/crtbegin.o
                0x10006428                        PROVIDE (__init_array_end = .)
                0x10006428                        . = ALIGN (0x4)
                [!provide]                        PROVIDE (__fini_array_start = .)
 *(SORT_BY_NAME(.fini_array.*))
 *(.fini_array)
                [!provide]                        PROVIDE (__fini_array_end = .)
 *(.eh_frame*)
 .eh_frame      0x10006428        0x0 C:/Users/robot/.pico-sdk/toolchain/14_2_Rel1/bin/../lib/gcc/arm-none-eabi/14.2.1/thumb/v8-m.main+fp/softfp/crtbegin.o
                0x10006428                        . = ALIGN (0x4)

.glue_7         0x10006428        0x0
 .glue_7        0x10006428        0x0 linker stubs

.glue_7t        0x10006428        0x0
 .glue_7t       0x10006428        0x0 linker stubs

.vfp11_veneer   0x10006428        0x0
 .vfp11_veneer  0x10006428        0x0 linker stubs

.v4_bx          0x10006428        0x0
 .v4_bx         0x10006428        0x0 linker stubs

.iplt           0x10006428        0x0
 .iplt          0x10006428        0x0 C:/Users/robot/.pico-sdk/toolchain/14_2_Rel1/bin/../lib/gcc/arm-none-eabi/14.2.1/thumb/v8-m.main+fp/softfp/crtbegin.o

.boot2          0x10006428        0x0
                0x10006428                        __boot2_start__ = .
 *(.boot2)
                0x10006428                        __boot2_end__ = .
                0x00000001                        ASSERT (((__boot2_end__ - __boot2_start__) <= 0x100), ERROR: Pico second stage bootloader must be no more than 256 bytes in size)

.rodata         0x10006428      0xeb0
 *(EXCLUDE_FILE(*libm.a: *libc.a:*lib_a-mem*.o *libgcc.a:) .rodata*)
 .rodata.main.str1.4
                0x10006428      0x8f5 CMakeFiles/Motherboard.dir/Motherboard.cpp.obj
                                  0xe (size before relaxing)
 .rodata.panic.str1.4
                0x10006d1d       0x12 CMakeFiles/Motherboard.dir/C_/Users/robot/.pico-sdk/sdk/2.2.0/src/rp2_common/pico_platform_panic/panic.c.obj
 .rodata.spin_lock_claim_unused.str1.4
                0x10006d1d       0x1b CMakeFiles/Motherboard.dir/C_/Users/robot/.pico-sdk/sdk/2.2.0/src/rp2_common/hardware_sync/sync.c.obj
 .rodata.resolve_j_16.str1.4
                0x10006d1d       0x5d CMakeFiles/Motherboard.dir/C_/Users/robot/.pico-sdk/sdk/2.2.0/src/rp2_common/hardware_irq/irq.c.obj
 .rodata.make_j_16.str1.4
                0x10006d1d       0x30 CMakeFiles/Motherboard.dir/C_/Users/robot/.pico-sdk/sdk/2.2.0/src/rp2_common/hardware_irq/irq.c.obj
 .rodata.irq_set_exclusive_handler.str1.4
                0x10006d1d       0x36 CMakeFiles/Motherboard.dir/C_/Users/robot/.pico-sdk/sdk/2.2.0/src/rp2_common/hardware_irq/irq.c.obj
 .rodata.irq_add_shared_handler.str1.4
                0x10006d1d       0xd2 CMakeFiles/Motherboard.dir/C_/Users/robot/.pico-sdk/sdk/2.2.0/src/rp2_common/hardware_irq/irq.c.obj
 .rodata.irq_add_tail_to_free_list.str1.4
                0x10006d1d       0x3a CMakeFiles/Motherboard.dir/C_/Users/robot/.pico-sdk/sdk/2.2.0/src/rp2_common/hardware_irq/irq.c.obj
 .rodata.user_irq_claim_unused.str1.4
                0x10006d1d       0x1b CMakeFiles/Motherboard.dir/C_/Users/robot/.pico-sdk/sdk/2.2.0/src/rp2_common/hardware_irq/irq.c.obj
 *fill*         0x10006d1d        0x3 
 .rodata.__func__.0
                0x10006d20       0x1a CMakeFiles/Motherboard.dir/C_/Users/robot/.pico-sdk/sdk/2.2.0/src/rp2_common/hardware_irq/irq.c.obj
 *fill*         0x10006d3a        0x2 
 .rodata.__func__.3
                0x10006d3c        0xa CMakeFiles/Motherboard.dir/C_/Users/robot/.pico-sdk/sdk/2.2.0/src/rp2_common/hardware_irq/irq.c.obj
 *fill*         0x10006d46        0x2 
 .rodata.__func__.4
                0x10006d48        0xd CMakeFiles/Motherboard.dir/C_/Users/robot/.pico-sdk/sdk/2.2.0/src/rp2_common/hardware_irq/irq.c.obj
 *fill*         0x10006d55        0x3 
 .rodata.__func__.5
                0x10006d58       0x17 CMakeFiles/Motherboard.dir/C_/Users/robot/.pico-sdk/sdk/2.2.0/src/rp2_common/hardware_irq/irq.c.obj
 *fill*         0x10006d6f        0x1 
 .rodata.__func__.6
                0x10006d70       0x1a CMakeFiles/Motherboard.dir/C_/Users/robot/.pico-sdk/sdk/2.2.0/src/rp2_common/hardware_irq/irq.c.obj
 .rodata.runtime_init_mutex.str1.4
                0x10006d8a       0x60 CMakeFiles/Motherboard.dir/C_/Users/robot/.pico-sdk/sdk/2.2.0/src/common/pico_sync/mutex.c.obj
 .rodata.str1.4
                0x10006d8a       0x51 CMakeFiles/Motherboard.dir/C_/Users/robot/.pico-sdk/sdk/2.2.0/src/common/pico_sync/mutex.c.obj
 *fill*         0x10006d8a        0x2 
 .rodata.__func__.1
                0x10006d8c        0xb CMakeFiles/Motherboard.dir/C_/Users/robot/.pico-sdk/sdk/2.2.0/src/common/pico_sync/mutex.c.obj
 *fill*         0x10006d97        0x1 
 .rodata.__func__.3
                0x10006d98       0x18 CMakeFiles/Motherboard.dir/C_/Users/robot/.pico-sdk/sdk/2.2.0/src/common/pico_sync/mutex.c.obj
 .rodata.__func__.6
                0x10006db0       0x13 CMakeFiles/Motherboard.dir/C_/Users/robot/.pico-sdk/sdk/2.2.0/src/common/pico_sync/mutex.c.obj
 .rodata.alarm_pool_irq_handler.str1.4
                0x10006dc3       0x6b CMakeFiles/Motherboard.dir/C_/Users/robot/.pico-sdk/sdk/2.2.0/src/common/pico_time/time.c.obj
 .rodata.alarm_pool_get_default.str1.4
                0x10006dc3       0x21 CMakeFiles/Motherboard.dir/C_/Users/robot/.pico-sdk/sdk/2.2.0/src/common/pico_time/time.c.obj
 .rodata.sleep_until.str1.4
                0x10006dc3       0x4d CMakeFiles/Motherboard.dir/C_/Users/robot/.pico-sdk/sdk/2.2.0/src/common/pico_time/time.c.obj
 *fill*         0x10006dc3        0x1 
 .rodata.__func__.1
                0x10006dc4       0x17 CMakeFiles/Motherboard.dir/C_/Users/robot/.pico-sdk/sdk/2.2.0/src/common/pico_time/time.c.obj
 *fill*         0x10006ddb        0x1 
 .rodata.__func__.2
                0x10006ddc       0x17 CMakeFiles/Motherboard.dir/C_/Users/robot/.pico-sdk/sdk/2.2.0/src/common/pico_time/time.c.obj
 .rodata.timer_hardware_alarm_claim.str1.4
                0x10006df3       0x22 CMakeFiles/Motherboard.dir/C_/Users/robot/.pico-sdk/sdk/2.2.0/src/rp2_common/hardware_timer/timer.c.obj
 .rodata.pll_init.str1.4
                0x10006df3      0x11c CMakeFiles/Motherboard.dir/C_/Users/robot/.pico-sdk/sdk/2.2.0/src/rp2_common/hardware_pll/pll.c.obj
 *fill*         0x10006df3        0x1 
 .rodata.__func__.0
                0x10006df4        0x9 CMakeFiles/Motherboard.dir/C_/Users/robot/.pico-sdk/sdk/2.2.0/src/rp2_common/hardware_pll/pll.c.obj
 .rodata.str1.4
                0x10006dfd       0x44 CMakeFiles/Motherboard.dir/C_/Users/robot/.pico-sdk/sdk/2.2.0/src/rp2_common/pico_standard_binary_info/standard_binary_info.c.obj
 *fill*         0x10006dfd        0x3 
 .rodata.__bi_84
                0x10006e00        0xc CMakeFiles/Motherboard.dir/C_/Users/robot/.pico-sdk/sdk/2.2.0/src/rp2_common/pico_standard_binary_info/standard_binary_info.c.obj
 .rodata.__bi_78
                0x10006e0c        0xc CMakeFiles/Motherboard.dir/C_/Users/robot/.pico-sdk/sdk/2.2.0/src/rp2_common/pico_standard_binary_info/standard_binary_info.c.obj
 .rodata.__bi_60
                0x10006e18        0xc CMakeFiles/Motherboard.dir/C_/Users/robot/.pico-sdk/sdk/2.2.0/src/rp2_common/pico_standard_binary_info/standard_binary_info.c.obj
 .rodata.__bi_54
                0x10006e24        0xc CMakeFiles/Motherboard.dir/C_/Users/robot/.pico-sdk/sdk/2.2.0/src/rp2_common/pico_standard_binary_info/standard_binary_info.c.obj
 .rodata.__bi_48
                0x10006e30        0xc CMakeFiles/Motherboard.dir/C_/Users/robot/.pico-sdk/sdk/2.2.0/src/rp2_common/pico_standard_binary_info/standard_binary_info.c.obj
 .rodata.__bi_42
                0x10006e3c        0xc CMakeFiles/Motherboard.dir/C_/Users/robot/.pico-sdk/sdk/2.2.0/src/rp2_common/pico_standard_binary_info/standard_binary_info.c.obj
 .rodata.__bi_34
                0x10006e48        0xc CMakeFiles/Motherboard.dir/C_/Users/robot/.pico-sdk/sdk/2.2.0/src/rp2_common/pico_standard_binary_info/standard_binary_info.c.obj
 .rodata.__bi_26
                0x10006e54        0xc CMakeFiles/Motherboard.dir/C_/Users/robot/.pico-sdk/sdk/2.2.0/src/rp2_common/pico_standard_binary_info/standard_binary_info.c.obj
 .rodata._ftoa.str1.4
                0x10006e60       0x15 CMakeFiles/Motherboard.dir/C_/Users/robot/.pico-sdk/sdk/2.2.0/src/rp2_common/pico_printf/printf.c.obj
 .rodata.pow10.0
                0x10006e60       0x50 CMakeFiles/Motherboard.dir/C_/Users/robot/.pico-sdk/sdk/2.2.0/src/rp2_common/pico_printf/printf.c.obj
 .rodata.__assert_func.str1.4
                0x10006eb0       0x43 CMakeFiles/Motherboard.dir/C_/Users/robot/.pico-sdk/sdk/2.2.0/src/rp2_common/pico_clib_interface/newlib_interface.c.obj
 .rodata.crlf_str.0
                0x10006eb0        0x2 CMakeFiles/Motherboard.dir/C_/Users/robot/.pico-sdk/sdk/2.2.0/src/rp2_common/pico_stdio/stdio.c.obj
 *fill*         0x10006eb2        0x2 
 .rodata._resetd_driver
                0x10006eb4       0x20 CMakeFiles/Motherboard.dir/C_/Users/robot/.pico-sdk/sdk/2.2.0/src/rp2_common/pico_stdio_usb/reset_interface.c.obj
 .rodata.desc_ms_os_20
                0x10006ed4       0xa6 CMakeFiles/Motherboard.dir/C_/Users/robot/.pico-sdk/sdk/2.2.0/src/rp2_common/pico_stdio_usb/reset_interface.c.obj
 *fill*         0x10006f7a        0x2 
 .rodata.desc_bos
                0x10006f7c       0x21 CMakeFiles/Motherboard.dir/C_/Users/robot/.pico-sdk/sdk/2.2.0/src/rp2_common/pico_stdio_usb/reset_interface.c.obj
                0x10006f7c                desc_bos
 .rodata.stdio_usb_init.str1.4
                0x10006f9d       0x55 CMakeFiles/Motherboard.dir/C_/Users/robot/.pico-sdk/sdk/2.2.0/src/rp2_common/pico_stdio_usb/stdio_usb.c.obj
 .rodata.str1.4
                0x10006f9d       0x13 CMakeFiles/Motherboard.dir/C_/Users/robot/.pico-sdk/sdk/2.2.0/src/rp2_common/pico_stdio_usb/stdio_usb.c.obj
 *fill*         0x10006f9d        0x3 
 .rodata.__bi_202.1
                0x10006fa0        0xc CMakeFiles/Motherboard.dir/C_/Users/robot/.pico-sdk/sdk/2.2.0/src/rp2_common/pico_stdio_usb/stdio_usb.c.obj
 .rodata.__func__.2
                0x10006fac        0xf CMakeFiles/Motherboard.dir/C_/Users/robot/.pico-sdk/sdk/2.2.0/src/rp2_common/pico_stdio_usb/stdio_usb.c.obj
 .rodata.str1.4
                0x10006fbb       0x2a CMakeFiles/Motherboard.dir/C_/Users/robot/.pico-sdk/sdk/2.2.0/src/rp2_common/pico_stdio_usb/stdio_usb_descriptors.c.obj
 *fill*         0x10006fbb        0x1 
 .rodata.usbd_desc_str
                0x10006fbc       0x18 CMakeFiles/Motherboard.dir/C_/Users/robot/.pico-sdk/sdk/2.2.0/src/rp2_common/pico_stdio_usb/stdio_usb_descriptors.c.obj
 .rodata.usbd_desc_cfg
                0x10006fd4       0x54 CMakeFiles/Motherboard.dir/C_/Users/robot/.pico-sdk/sdk/2.2.0/src/rp2_common/pico_stdio_usb/stdio_usb_descriptors.c.obj
 .rodata.usbd_desc_device
                0x10007028       0x12 CMakeFiles/Motherboard.dir/C_/Users/robot/.pico-sdk/sdk/2.2.0/src/rp2_common/pico_stdio_usb/stdio_usb_descriptors.c.obj
 .rodata._retrieve_unique_id_on_boot.str1.4
                0x1000703a       0x55 CMakeFiles/Motherboard.dir/C_/Users/robot/.pico-sdk/sdk/2.2.0/src/rp2_common/pico_unique_id/unique_id.c.obj
 .rodata.pico_get_unique_board_id_string.str1.4
                0x1000703a        0x8 CMakeFiles/Motherboard.dir/C_/Users/robot/.pico-sdk/sdk/2.2.0/src/rp2_common/pico_unique_id/unique_id.c.obj
 *fill*         0x1000703a        0x2 
 .rodata.__func__.0
                0x1000703c       0x20 CMakeFiles/Motherboard.dir/C_/Users/robot/.pico-sdk/sdk/2.2.0/src/rp2_common/pico_unique_id/unique_id.c.obj
 .rodata.__func__.1
                0x1000705c       0x1c CMakeFiles/Motherboard.dir/C_/Users/robot/.pico-sdk/sdk/2.2.0/src/rp2_common/pico_unique_id/unique_id.c.obj
 .rodata.hw_endpoint_alloc.str1.4
                0x10007078       0xa0 CMakeFiles/Motherboard.dir/C_/Users/robot/.pico-sdk/sdk/2.2.0/lib/tinyusb/src/portable/raspberrypi/rp2040/dcd_rp2040.c.obj
 .rodata.str1.4
                0x10007078       0x14 CMakeFiles/Motherboard.dir/C_/Users/robot/.pico-sdk/sdk/2.2.0/lib/tinyusb/src/portable/raspberrypi/rp2040/dcd_rp2040.c.obj
 .rodata.dcd_int_enable.str1.4
                0x10007078        0xc CMakeFiles/Motherboard.dir/C_/Users/robot/.pico-sdk/sdk/2.2.0/lib/tinyusb/src/portable/raspberrypi/rp2040/dcd_rp2040.c.obj
 .rodata.__func__.0
                0x10007078        0xe CMakeFiles/Motherboard.dir/C_/Users/robot/.pico-sdk/sdk/2.2.0/lib/tinyusb/src/portable/raspberrypi/rp2040/dcd_rp2040.c.obj
 *fill*         0x10007086        0x2 
 .rodata.__func__.3
                0x10007088       0x10 CMakeFiles/Motherboard.dir/C_/Users/robot/.pico-sdk/sdk/2.2.0/lib/tinyusb/src/portable/raspberrypi/rp2040/dcd_rp2040.c.obj
 .rodata.__func__.5
                0x10007098        0xf CMakeFiles/Motherboard.dir/C_/Users/robot/.pico-sdk/sdk/2.2.0/lib/tinyusb/src/portable/raspberrypi/rp2040/dcd_rp2040.c.obj
 *fill*         0x100070a7        0x1 
 .rodata.__func__.6
                0x100070a8       0x12 CMakeFiles/Motherboard.dir/C_/Users/robot/.pico-sdk/sdk/2.2.0/lib/tinyusb/src/portable/raspberrypi/rp2040/dcd_rp2040.c.obj
 *fill*         0x100070ba        0x2 
 .rodata.__func__.7
                0x100070bc        0x9 CMakeFiles/Motherboard.dir/C_/Users/robot/.pico-sdk/sdk/2.2.0/lib/tinyusb/src/portable/raspberrypi/rp2040/dcd_rp2040.c.obj
 .rodata.str1.4
                0x100070c5       0xe4 CMakeFiles/Motherboard.dir/C_/Users/robot/.pico-sdk/sdk/2.2.0/lib/tinyusb/src/portable/raspberrypi/rp2040/rp2040_usb.c.obj
 .rodata.hw_endpoint_xfer_start.str1.4
                0x100070c5       0x38 CMakeFiles/Motherboard.dir/C_/Users/robot/.pico-sdk/sdk/2.2.0/lib/tinyusb/src/portable/raspberrypi/rp2040/rp2040_usb.c.obj
 *fill*         0x100070c5        0x3 
 .rodata.__func__.0
                0x100070c8        0xf CMakeFiles/Motherboard.dir/C_/Users/robot/.pico-sdk/sdk/2.2.0/lib/tinyusb/src/portable/raspberrypi/rp2040/rp2040_usb.c.obj
 .rodata.configuration_reset.str1.4
                0x100070d7       0x17 CMakeFiles/Motherboard.dir/C_/Users/robot/.pico-sdk/sdk/2.2.0/lib/tinyusb/src/device/usbd.c.obj
 *fill*         0x100070d7        0x1 
 .rodata.__func__.3
                0x100070d8        0xf CMakeFiles/Motherboard.dir/C_/Users/robot/.pico-sdk/sdk/2.2.0/lib/tinyusb/src/device/usbd.c.obj
 *fill*         0x100070e7        0x1 
 .rodata.__func__.4
                0x100070e8        0xf CMakeFiles/Motherboard.dir/C_/Users/robot/.pico-sdk/sdk/2.2.0/lib/tinyusb/src/device/usbd.c.obj
 *fill*         0x100070f7        0x1 
 .rodata.__func__.5
                0x100070f8       0x14 CMakeFiles/Motherboard.dir/C_/Users/robot/.pico-sdk/sdk/2.2.0/lib/tinyusb/src/device/usbd.c.obj
 .rodata.__func__.6
                0x1000710c        0xc CMakeFiles/Motherboard.dir/C_/Users/robot/.pico-sdk/sdk/2.2.0/lib/tinyusb/src/device/usbd.c.obj
 .rodata.__func__.7
                0x10007118       0x17 CMakeFiles/Motherboard.dir/C_/Users/robot/.pico-sdk/sdk/2.2.0/lib/tinyusb/src/device/usbd.c.obj
 *fill*         0x1000712f        0x1 
 .rodata.__func__.8
                0x10007130       0x13 CMakeFiles/Motherboard.dir/C_/Users/robot/.pico-sdk/sdk/2.2.0/lib/tinyusb/src/device/usbd.c.obj
 *fill*         0x10007143        0x1 
 .rodata.__func__.9
                0x10007144       0x18 CMakeFiles/Motherboard.dir/C_/Users/robot/.pico-sdk/sdk/2.2.0/lib/tinyusb/src/device/usbd.c.obj
 .rodata.__func__.10
                0x1000715c       0x14 CMakeFiles/Motherboard.dir/C_/Users/robot/.pico-sdk/sdk/2.2.0/lib/tinyusb/src/device/usbd.c.obj
 .rodata.__func__.11
                0x10007170        0xd CMakeFiles/Motherboard.dir/C_/Users/robot/.pico-sdk/sdk/2.2.0/lib/tinyusb/src/device/usbd.c.obj
 *fill*         0x1000717d        0x3 
 .rodata.__func__.12
                0x10007180       0x10 CMakeFiles/Motherboard.dir/C_/Users/robot/.pico-sdk/sdk/2.2.0/lib/tinyusb/src/device/usbd.c.obj
 .rodata._usbd_driver
                0x10007190       0x40 CMakeFiles/Motherboard.dir/C_/Users/robot/.pico-sdk/sdk/2.2.0/lib/tinyusb/src/device/usbd.c.obj
 .rodata.tud_control_xfer.str1.4
                0x100071d0       0x17 CMakeFiles/Motherboard.dir/C_/Users/robot/.pico-sdk/sdk/2.2.0/lib/tinyusb/src/device/usbd_control.c.obj
 .rodata.__func__.0
                0x100071d0       0x15 CMakeFiles/Motherboard.dir/C_/Users/robot/.pico-sdk/sdk/2.2.0/lib/tinyusb/src/device/usbd_control.c.obj
 *fill*         0x100071e5        0x3 
 .rodata.__func__.1
                0x100071e8       0x11 CMakeFiles/Motherboard.dir/C_/Users/robot/.pico-sdk/sdk/2.2.0/lib/tinyusb/src/device/usbd_control.c.obj
 .rodata.tud_cdc_n_write_flush.str1.4
                0x100071f9       0x17 CMakeFiles/Motherboard.dir/C_/Users/robot/.pico-sdk/sdk/2.2.0/lib/tinyusb/src/class/cdc/cdc_device.c.obj
 *fill*         0x100071f9        0x3 
 .rodata.__func__.0
                0x100071fc        0xd CMakeFiles/Motherboard.dir/C_/Users/robot/.pico-sdk/sdk/2.2.0/lib/tinyusb/src/class/cdc/cdc_device.c.obj
 *fill*         0x10007209        0x3 
 .rodata.__func__.1
                0x1000720c        0xa CMakeFiles/Motherboard.dir/C_/Users/robot/.pico-sdk/sdk/2.2.0/lib/tinyusb/src/class/cdc/cdc_device.c.obj
 *fill*         0x10007216        0x2 
 .rodata.__func__.3
                0x10007218       0x16 CMakeFiles/Motherboard.dir/C_/Users/robot/.pico-sdk/sdk/2.2.0/lib/tinyusb/src/class/cdc/cdc_device.c.obj
 .rodata.vendord_open.str1.4
                0x1000722e       0x17 CMakeFiles/Motherboard.dir/C_/Users/robot/.pico-sdk/sdk/2.2.0/lib/tinyusb/src/class/vendor/vendor_device.c.obj
 *fill*         0x1000722e        0x2 
 .rodata.__func__.0
                0x10007230        0xd CMakeFiles/Motherboard.dir/C_/Users/robot/.pico-sdk/sdk/2.2.0/lib/tinyusb/src/class/vendor/vendor_device.c.obj
 .rodata.tusb_rhport_init.str1.4
                0x1000723d       0x17 CMakeFiles/Motherboard.dir/C_/Users/robot/.pico-sdk/sdk/2.2.0/lib/tinyusb/src/tusb.c.obj
 *fill*         0x1000723d        0x3 
 .rodata.__func__.0
                0x10007240       0x19 CMakeFiles/Motherboard.dir/C_/Users/robot/.pico-sdk/sdk/2.2.0/lib/tinyusb/src/tusb.c.obj
 *fill*         0x10007259        0x3 
 .rodata.__func__.2
                0x1000725c       0x1a CMakeFiles/Motherboard.dir/C_/Users/robot/.pico-sdk/sdk/2.2.0/lib/tinyusb/src/tusb.c.obj
 *fill*         0x10007276        0x2 
 .rodata.__func__.3
                0x10007278       0x23 CMakeFiles/Motherboard.dir/C_/Users/robot/.pico-sdk/sdk/2.2.0/lib/tinyusb/src/tusb.c.obj
 *fill*         0x1000729b        0x1 
 .rodata.__func__.4
                0x1000729c       0x11 CMakeFiles/Motherboard.dir/C_/Users/robot/.pico-sdk/sdk/2.2.0/lib/tinyusb/src/tusb.c.obj
 *fill*         0x100072ad        0x3 
 .rodata.__func__.5
                0x100072b0       0x11 CMakeFiles/Motherboard.dir/C_/Users/robot/.pico-sdk/sdk/2.2.0/lib/tinyusb/src/tusb.c.obj
 .rodata.i2c_set_baudrate.str1.4
                0x100072c1       0x65 CMakeFiles/Motherboard.dir/C_/Users/robot/.pico-sdk/sdk/2.2.0/src/rp2_common/hardware_i2c/i2c.c.obj
 *fill*         0x100072c1        0x3 
 .rodata.__func__.0
                0x100072c4       0x11 CMakeFiles/Motherboard.dir/C_/Users/robot/.pico-sdk/sdk/2.2.0/src/rp2_common/hardware_i2c/i2c.c.obj
 *(.srodata*)
                0x100072d8                        . = ALIGN (0x4)
 *fill*         0x100072d5        0x3 
 *(SORT_BY_ALIGNMENT(SORT_BY_NAME(.flashdata*)))
                0x100072d8                        . = ALIGN (0x4)

.ARM.extab
 *(.ARM.extab* .gnu.linkonce.armextab.*)
                0x100072d8                        __exidx_start = .

.ARM.exidx      0x100072d8        0x8
 *(.ARM.exidx* .gnu.linkonce.armexidx.*)
 .ARM.exidx     0x100072d8        0x8 C:/Users/robot/.pico-sdk/toolchain/14_2_Rel1/bin/../lib/gcc/arm-none-eabi/14.2.1/thumb/v8-m.main+fp/softfp\libg.a(libc_a-memcpy.o)
 .ARM.exidx.text.__udivmoddi4
                0x100072e0        0x0 C:/Users/robot/.pico-sdk/toolchain/14_2_Rel1/bin/../lib/gcc/arm-none-eabi/14.2.1/thumb/v8-m.main+fp/softfp\libgcc.a(_udivmoddi4.o)
                                  0x8 (size before relaxing)
                0x100072e0                        __exidx_end = .
                0x100072e0                        . = ALIGN (0x4)
                0x100072e0                        __binary_info_start = .

.binary_info    0x100072e0       0x24
 *(.binary_info.keep.*)
 .binary_info.keep.__bi_ptr84
                0x100072e0        0x4 CMakeFiles/Motherboard.dir/C_/Users/robot/.pico-sdk/sdk/2.2.0/src/rp2_common/pico_standard_binary_info/standard_binary_info.c.obj
 .binary_info.keep.__bi_ptr78
                0x100072e4        0x4 CMakeFiles/Motherboard.dir/C_/Users/robot/.pico-sdk/sdk/2.2.0/src/rp2_common/pico_standard_binary_info/standard_binary_info.c.obj
 .binary_info.keep.__bi_ptr60
                0x100072e8        0x4 CMakeFiles/Motherboard.dir/C_/Users/robot/.pico-sdk/sdk/2.2.0/src/rp2_common/pico_standard_binary_info/standard_binary_info.c.obj
 .binary_info.keep.__bi_ptr54
                0x100072ec        0x4 CMakeFiles/Motherboard.dir/C_/Users/robot/.pico-sdk/sdk/2.2.0/src/rp2_common/pico_standard_binary_info/standard_binary_info.c.obj
 .binary_info.keep.__bi_ptr48
                0x100072f0        0x4 CMakeFiles/Motherboard.dir/C_/Users/robot/.pico-sdk/sdk/2.2.0/src/rp2_common/pico_standard_binary_info/standard_binary_info.c.obj
 .binary_info.keep.__bi_ptr42
                0x100072f4        0x4 CMakeFiles/Motherboard.dir/C_/Users/robot/.pico-sdk/sdk/2.2.0/src/rp2_common/pico_standard_binary_info/standard_binary_info.c.obj
 .binary_info.keep.__bi_ptr34
                0x100072f8        0x4 CMakeFiles/Motherboard.dir/C_/Users/robot/.pico-sdk/sdk/2.2.0/src/rp2_common/pico_standard_binary_info/standard_binary_info.c.obj
 .binary_info.keep.__bi_ptr26
                0x100072fc        0x4 CMakeFiles/Motherboard.dir/C_/Users/robot/.pico-sdk/sdk/2.2.0/src/rp2_common/pico_standard_binary_info/standard_binary_info.c.obj
 *(.binary_info.*)
 .binary_info.__bi_ptr202
                0x10007300        0x4 CMakeFiles/Motherboard.dir/C_/Users/robot/.pico-sdk/sdk/2.2.0/src/rp2_common/pico_stdio_usb/stdio_usb.c.obj
                0x10007304                        __binary_info_end = .
                0x10007304                        . = ALIGN (0x4)

.ram_vector_table
                0x20000000      0x110
 *(.ram_vector_table)
 .ram_vector_table
                0x20000000      0x110 CMakeFiles/Motherboard.dir/C_/Users/robot/.pico-sdk/sdk/2.2.0/src/rp2_common/pico_runtime_init/runtime_init.c.obj
                0x20000000                ram_vector_table

.uninitialized_data
                0x20000110        0x0
                0x20000110                        . = ALIGN (0x4)
 *(.uninitialized_data*)

.data           0x20000110      0xdb4 load address 0x10007304
                0x20000110                        __data_start__ = .
 *(vtable)
 *(.time_critical*)
 .time_critical.mutex_try_enter
                0x20000110       0x58 CMakeFiles/Motherboard.dir/C_/Users/robot/.pico-sdk/sdk/2.2.0/src/common/pico_sync/mutex.c.obj
                0x20000110                mutex_try_enter
 .time_critical.mutex_enter_block_until
                0x20000168       0x84 CMakeFiles/Motherboard.dir/C_/Users/robot/.pico-sdk/sdk/2.2.0/src/common/pico_sync/mutex.c.obj
                0x20000168                mutex_enter_block_until
 .time_critical.mutex_try_enter_block_until
                0x200001ec       0x32 CMakeFiles/Motherboard.dir/C_/Users/robot/.pico-sdk/sdk/2.2.0/src/common/pico_sync/mutex.c.obj
                0x200001ec                mutex_try_enter_block_until
 .time_critical.mutex_enter_timeout_ms
                0x2000021e       0x52 CMakeFiles/Motherboard.dir/C_/Users/robot/.pico-sdk/sdk/2.2.0/src/common/pico_sync/mutex.c.obj
                0x2000021e                mutex_enter_timeout_ms
 .time_critical.mutex_exit
                0x20000270       0x58 CMakeFiles/Motherboard.dir/C_/Users/robot/.pico-sdk/sdk/2.2.0/src/common/pico_sync/mutex.c.obj
                0x20000270                mutex_exit
 .time_critical.reset_non_control_endpoints
                0x200002c8       0x40 CMakeFiles/Motherboard.dir/C_/Users/robot/.pico-sdk/sdk/2.2.0/lib/tinyusb/src/portable/raspberrypi/rp2040/dcd_rp2040.c.obj
 .time_critical.hw_handle_buff_status
                0x20000308       0x90 CMakeFiles/Motherboard.dir/C_/Users/robot/.pico-sdk/sdk/2.2.0/lib/tinyusb/src/portable/raspberrypi/rp2040/dcd_rp2040.c.obj
 .time_critical.dcd_rp2040_irq
                0x20000398      0x1fc CMakeFiles/Motherboard.dir/C_/Users/robot/.pico-sdk/sdk/2.2.0/lib/tinyusb/src/portable/raspberrypi/rp2040/dcd_rp2040.c.obj
 .time_critical.prepare_ep_buffer
                0x20000594       0x5a CMakeFiles/Motherboard.dir/C_/Users/robot/.pico-sdk/sdk/2.2.0/lib/tinyusb/src/portable/raspberrypi/rp2040/rp2040_usb.c.obj
 *fill*         0x200005ee        0x2 
 .time_critical.e15_is_bulkin_ep
                0x200005f0       0x2c CMakeFiles/Motherboard.dir/C_/Users/robot/.pico-sdk/sdk/2.2.0/lib/tinyusb/src/portable/raspberrypi/rp2040/rp2040_usb.c.obj
 .time_critical.e15_is_critical_frame_period
                0x2000061c       0x28 CMakeFiles/Motherboard.dir/C_/Users/robot/.pico-sdk/sdk/2.2.0/lib/tinyusb/src/portable/raspberrypi/rp2040/rp2040_usb.c.obj
 .time_critical.sync_ep_buffer
                0x20000644       0x7c CMakeFiles/Motherboard.dir/C_/Users/robot/.pico-sdk/sdk/2.2.0/lib/tinyusb/src/portable/raspberrypi/rp2040/rp2040_usb.c.obj
 .time_critical._hw_endpoint_xfer_sync
                0x200006c0       0x2a CMakeFiles/Motherboard.dir/C_/Users/robot/.pico-sdk/sdk/2.2.0/lib/tinyusb/src/portable/raspberrypi/rp2040/rp2040_usb.c.obj
 .time_critical.hw_endpoint_reset_transfer
                0x200006ea        0xc CMakeFiles/Motherboard.dir/C_/Users/robot/.pico-sdk/sdk/2.2.0/lib/tinyusb/src/portable/raspberrypi/rp2040/rp2040_usb.c.obj
                0x200006ea                hw_endpoint_reset_transfer
 *fill*         0x200006f6        0x2 
 .time_critical._hw_endpoint_buffer_control_update32
                0x200006f8       0x4c CMakeFiles/Motherboard.dir/C_/Users/robot/.pico-sdk/sdk/2.2.0/lib/tinyusb/src/portable/raspberrypi/rp2040/rp2040_usb.c.obj
                0x200006f8                _hw_endpoint_buffer_control_update32
 .time_critical.hw_endpoint_start_next_buffer